// Jest Snapshot v1, https://goo.gl/fbAQLP

exports[`BucketPrefix Construct(BucketPrefix):  Snapshot Test 1`] = `
{
  "Resources": {
    "BucketPrefix28078755": {
      "DeletionPolicy": "Delete",
      "DependsOn": [
        "CustomS3CreateBucketPrefixCustomResourceProviderLogGroup63AD059D",
      ],
      "Properties": {
        "ServiceToken": {
          "Fn::GetAtt": [
            "CustomS3CreateBucketPrefixCustomResourceProviderHandler59EF6BD6",
            "Arn",
          ],
        },
        "bucketPrefixes": [
          "guardduty",
        ],
        "sourceBucketName": {
          "Fn::Join": [
            "",
            [
              "aws-accelerator-central-logs-bucket-",
              {
                "Ref": "AWS::AccountId",
              },
              "-",
              {
                "Ref": "AWS::Region",
              },
            ],
          ],
        },
      },
      "Type": "Custom::S3CreateBucketPrefix",
      "UpdateReplacePolicy": "Delete",
    },
    "CustomKey1E6D0D07": {
      "DeletionPolicy": "Retain",
      "Properties": {
        "KeyPolicy": {
          "Statement": [
            {
              "Action": "kms:*",
              "Effect": "Allow",
              "Principal": {
                "AWS": {
                  "Fn::Join": [
                    "",
                    [
                      "arn:",
                      {
                        "Ref": "AWS::Partition",
                      },
                      ":iam::",
                      {
                        "Ref": "AWS::AccountId",
                      },
                      ":root",
                    ],
                  ],
                },
              },
              "Resource": "*",
            },
          ],
          "Version": "2012-10-17",
        },
      },
      "Type": "AWS::KMS::Key",
      "UpdateReplacePolicy": "Retain",
    },
    "CustomS3CreateBucketPrefixCustomResourceProviderHandler59EF6BD6": {
      "DependsOn": [
        "CustomS3CreateBucketPrefixCustomResourceProviderRoleFE87F141",
      ],
      "Properties": {
        "Code": {
          "S3Bucket": {
            "Fn::Sub": "cdk-hnb659fds-assets-\${AWS::AccountId}-\${AWS::Region}",
          },
          "S3Key": "REPLACED-GENERATED-NAME.zip",
        },
        "Handler": "__entrypoint__.handler",
        "MemorySize": 128,
        "Role": {
          "Fn::GetAtt": [
            "CustomS3CreateBucketPrefixCustomResourceProviderRoleFE87F141",
            "Arn",
          ],
        },
        "Runtime": "nodejs16.x",
        "Timeout": 900,
      },
      "Type": "AWS::Lambda::Function",
    },
    "CustomS3CreateBucketPrefixCustomResourceProviderLogGroup63AD059D": {
      "DeletionPolicy": "Delete",
      "Properties": {
        "KmsKeyId": {
          "Fn::GetAtt": [
            "CustomKey1E6D0D07",
            "Arn",
          ],
        },
        "LogGroupName": {
          "Fn::Join": [
            "",
            [
              "/aws/lambda/",
              {
                "Ref": "CustomS3CreateBucketPrefixCustomResourceProviderHandler59EF6BD6",
              },
            ],
          ],
        },
        "RetentionInDays": 3653,
      },
      "Type": "AWS::Logs::LogGroup",
      "UpdateReplacePolicy": "Delete",
    },
    "CustomS3CreateBucketPrefixCustomResourceProviderRoleFE87F141": {
      "Properties": {
        "AssumeRolePolicyDocument": {
          "Statement": [
            {
              "Action": "sts:AssumeRole",
              "Effect": "Allow",
              "Principal": {
                "Service": "lambda.amazonaws.com",
              },
            },
          ],
          "Version": "2012-10-17",
        },
        "ManagedPolicyArns": [
          {
            "Fn::Sub": "arn:\${AWS::Partition}:iam::aws:policy/service-role/AWSLambdaBasicExecutionRole",
          },
        ],
        "Policies": [
          {
            "PolicyDocument": {
              "Statement": [
                {
                  "Action": [
                    "iam:PassRole",
                    "s3:ListBucket",
                    "s3:GetObject",
                    "s3:PutObject",
                  ],
                  "Effect": "Allow",
                  "Resource": "*",
                  "Sid": "S3PutBucketPrefixConfigurationTaskActions",
                },
              ],
              "Version": "2012-10-17",
            },
            "PolicyName": "Inline",
          },
        ],
      },
      "Type": "AWS::IAM::Role",
    },
  },
}
`;
