// Jest Snapshot v1, https://goo.gl/fbAQLP

exports[`CustomerGateway Construct(CustomerGateway):  Snapshot Test 1`] = `
{
  "Resources": {
    "TestCgwCustomerGateway795D02C0": {
      "Properties": {
        "BgpAsn": 65000,
        "IpAddress": "1.1.1.1",
        "Tags": [
          {
            "Key": "Name",
            "Value": "Test-CGW",
          },
          {
            "Key": "Test-Key",
            "Value": "Test-Value",
          },
        ],
        "Type": "ipsec.1",
      },
      "Type": "AWS::EC2::CustomerGateway",
    },
  },
}
`;
