// Jest Snapshot v1, https://goo.gl/fbAQLP

exports[`LaunchTemplate Construct(FirewallAutoScalingGroup):  Snapshot Test 1`] = `
{
  "Resources": {
    "TestFirewallAutoScalingServiceLinkedRoleD2FFF275": {
      "Properties": {
        "AWSServiceName": "autoscaling.amazonaws.com",
        "Description": "Default Service-Linked Role enables access to AWS Services and Resources used or managed by Auto Scaling",
      },
      "Type": "AWS::IAM::ServiceLinkedRole",
    },
    "TestFirewallF12A004C": {
      "Properties": {
        "DesiredCapacity": "2",
        "HealthCheckGracePeriod": 300,
        "HealthCheckType": "ELB",
        "LaunchTemplate": {
          "LaunchTemplateId": {
            "Ref": "TestFirewallLaunchTemplateFF1988AF",
          },
          "Version": {
            "Fn::GetAtt": [
              "TestFirewallLaunchTemplateFF1988AF",
              "LatestVersionNumber",
            ],
          },
        },
        "MaxSize": "4",
        "MinSize": "1",
        "Tags": [
          {
            "Key": "Name",
            "PropagateAtLaunch": true,
            "Value": "Test",
          },
        ],
        "TargetGroupARNs": [],
        "VPCZoneIdentifier": [
          "subnet-123xyz",
          "subnet-456abc",
        ],
      },
      "Type": "AWS::AutoScaling::AutoScalingGroup",
    },
    "TestFirewallLaunchTemplateFF1988AF": {
      "Properties": {
        "LaunchTemplateData": {
          "BlockDeviceMappings": [
            {
              "DeviceName": "dev/xvda",
              "Ebs": {
                "Encrypted": true,
              },
            },
          ],
          "IamInstanceProfile": {},
          "ImageId": "ami-123xyz",
          "InstanceType": "t3.large",
          "MetadataOptions": {
            "HttpTokens": "required",
          },
          "NetworkInterfaces": [
            {
              "DeviceIndex": 0,
              "Groups": [
                "Test",
              ],
              "SubnetId": "subnet-123xyz",
            },
          ],
          "SecurityGroupIds": [],
        },
        "LaunchTemplateName": "test-firewall",
      },
      "Type": "AWS::EC2::LaunchTemplate",
    },
  },
}
`;
