// Jest Snapshot v1, https://goo.gl/fbAQLP

exports[`IpamSubnet Construct(IpamSubnet):  Snapshot Test 1`] = `
{
  "Resources": {
    "CustomIpamSubnetCustomResourceProviderHandlerF7AF0D7A": {
      "DependsOn": [
        "CustomIpamSubnetCustomResourceProviderRoleA2FF4E6D",
      ],
      "Properties": {
        "Code": {
          "S3Bucket": {
            "Fn::Sub": "cdk-hnb659fds-assets-\${AWS::AccountId}-\${AWS::Region}",
          },
          "S3Key": "REPLACED-GENERATED-NAME.zip",
        },
        "Handler": "__entrypoint__.handler",
        "MemorySize": 128,
        "Role": {
          "Fn::GetAtt": [
            "CustomIpamSubnetCustomResourceProviderRoleA2FF4E6D",
            "Arn",
          ],
        },
        "Runtime": "nodejs16.x",
        "Timeout": 900,
      },
      "Type": "AWS::Lambda::Function",
    },
    "CustomIpamSubnetCustomResourceProviderLogGroup3BB67050": {
      "DeletionPolicy": "Delete",
      "Properties": {
        "KmsKeyId": {
          "Fn::GetAtt": [
            "Key961B73FD",
            "Arn",
          ],
        },
        "LogGroupName": {
          "Fn::Join": [
            "",
            [
              "/aws/lambda/",
              {
                "Ref": "CustomIpamSubnetCustomResourceProviderHandlerF7AF0D7A",
              },
            ],
          ],
        },
        "RetentionInDays": 3653,
      },
      "Type": "AWS::Logs::LogGroup",
      "UpdateReplacePolicy": "Delete",
    },
    "CustomIpamSubnetCustomResourceProviderRoleA2FF4E6D": {
      "Properties": {
        "AssumeRolePolicyDocument": {
          "Statement": [
            {
              "Action": "sts:AssumeRole",
              "Effect": "Allow",
              "Principal": {
                "Service": "lambda.amazonaws.com",
              },
            },
          ],
          "Version": "2012-10-17",
        },
        "ManagedPolicyArns": [
          {
            "Fn::Sub": "arn:\${AWS::Partition}:iam::aws:policy/service-role/AWSLambdaBasicExecutionRole",
          },
        ],
        "Policies": [
          {
            "PolicyDocument": {
              "Statement": [
                {
                  "Action": [
                    "ec2:CreateTags",
                    "ec2:DeleteSubnet",
                    "ec2:ModifySubnetAttribute",
                  ],
                  "Effect": "Allow",
                  "Resource": {
                    "Fn::Join": [
                      "",
                      [
                        "arn:",
                        {
                          "Ref": "AWS::Partition",
                        },
                        ":ec2:",
                        {
                          "Ref": "AWS::Region",
                        },
                        ":",
                        {
                          "Ref": "AWS::AccountId",
                        },
                        ":subnet/*",
                      ],
                    ],
                  },
                },
                {
                  "Action": [
                    "ec2:CreateSubnet",
                  ],
                  "Effect": "Allow",
                  "Resource": [
                    {
                      "Fn::Join": [
                        "",
                        [
                          "arn:",
                          {
                            "Ref": "AWS::Partition",
                          },
                          ":ec2:",
                          {
                            "Ref": "AWS::Region",
                          },
                          ":",
                          {
                            "Ref": "AWS::AccountId",
                          },
                          ":subnet/*",
                        ],
                      ],
                    },
                    {
                      "Fn::Join": [
                        "",
                        [
                          "arn:",
                          {
                            "Ref": "AWS::Partition",
                          },
                          ":ec2:",
                          {
                            "Ref": "AWS::Region",
                          },
                          ":",
                          {
                            "Ref": "AWS::AccountId",
                          },
                          ":vpc/*",
                        ],
                      ],
                    },
                  ],
                },
                {
                  "Action": [
                    "ec2:DescribeVpcs",
                    "ec2:DescribeSubnets",
                  ],
                  "Effect": "Allow",
                  "Resource": "*",
                },
              ],
              "Version": "2012-10-17",
            },
            "PolicyName": "Inline",
          },
        ],
      },
      "Type": "AWS::IAM::Role",
    },
    "Key961B73FD": {
      "DeletionPolicy": "Retain",
      "Properties": {
        "KeyPolicy": {
          "Statement": [
            {
              "Action": "kms:*",
              "Effect": "Allow",
              "Principal": {
                "AWS": {
                  "Fn::Join": [
                    "",
                    [
                      "arn:",
                      {
                        "Ref": "AWS::Partition",
                      },
                      ":iam::",
                      {
                        "Ref": "AWS::AccountId",
                      },
                      ":root",
                    ],
                  ],
                },
              },
              "Resource": "*",
            },
          ],
          "Version": "2012-10-17",
        },
      },
      "Type": "AWS::KMS::Key",
      "UpdateReplacePolicy": "Retain",
    },
    "TestIpamSubnet05D29B1E": {
      "DeletionPolicy": "Delete",
      "DependsOn": [
        "CustomIpamSubnetCustomResourceProviderLogGroup3BB67050",
      ],
      "Properties": {
        "ServiceToken": {
          "Fn::GetAtt": [
            "CustomIpamSubnetCustomResourceProviderHandlerF7AF0D7A",
            "Arn",
          ],
        },
        "availabilityZone": "us-east-1a",
        "basePool": [
          "10.0.0.0/8",
        ],
        "ipamAllocation": {
          "ipamPoolName": "test-pool",
          "netmaskLength": 24,
        },
        "name": "Test",
        "tags": [
          {
            "Key": "key",
            "Value": "value",
          },
        ],
        "vpcId": "vpc-test",
      },
      "Type": "Custom::IpamSubnet",
      "UpdateReplacePolicy": "Delete",
    },
  },
}
`;
