// Jest Snapshot v1, https://goo.gl/fbAQLP

exports[`RouteTable Construct(RouteTable):  Snapshot Test 1`] = `
{
  "Resources": {
    "CustomPrefixListRouteCustomResourceProviderHandler5B28D077": {
      "DependsOn": [
        "CustomPrefixListRouteCustomResourceProviderRoleD08268B5",
      ],
      "Properties": {
        "Code": {
          "S3Bucket": {
            "Fn::Sub": "cdk-hnb659fds-assets-\${AWS::AccountId}-\${AWS::Region}",
          },
          "S3Key": "REPLACED-GENERATED-NAME.zip",
        },
        "Handler": "__entrypoint__.handler",
        "MemorySize": 128,
        "Role": {
          "Fn::GetAtt": [
            "CustomPrefixListRouteCustomResourceProviderRoleD08268B5",
            "Arn",
          ],
        },
        "Runtime": "nodejs16.x",
        "Timeout": 900,
      },
      "Type": "AWS::Lambda::Function",
    },
    "CustomPrefixListRouteCustomResourceProviderLogGroup68DB81A5": {
      "DeletionPolicy": "Delete",
      "Properties": {
        "KmsKeyId": {
          "Fn::GetAtt": [
            "testKey1CDDDD5E",
            "Arn",
          ],
        },
        "LogGroupName": {
          "Fn::Join": [
            "",
            [
              "/aws/lambda/",
              {
                "Ref": "CustomPrefixListRouteCustomResourceProviderHandler5B28D077",
              },
            ],
          ],
        },
        "RetentionInDays": 10,
      },
      "Type": "AWS::Logs::LogGroup",
      "UpdateReplacePolicy": "Delete",
    },
    "CustomPrefixListRouteCustomResourceProviderRoleD08268B5": {
      "Properties": {
        "AssumeRolePolicyDocument": {
          "Statement": [
            {
              "Action": "sts:AssumeRole",
              "Effect": "Allow",
              "Principal": {
                "Service": "lambda.amazonaws.com",
              },
            },
          ],
          "Version": "2012-10-17",
        },
        "ManagedPolicyArns": [
          {
            "Fn::Sub": "arn:\${AWS::Partition}:iam::aws:policy/service-role/AWSLambdaBasicExecutionRole",
          },
        ],
        "Policies": [
          {
            "PolicyDocument": {
              "Statement": [
                {
                  "Action": [
                    "ec2:CreateRoute",
                    "ec2:DeleteRoute",
                  ],
                  "Effect": "Allow",
                  "Resource": "*",
                  "Sid": "AllowModifyRoutes",
                },
              ],
              "Version": "2012-10-17",
            },
            "PolicyName": "Inline",
          },
        ],
      },
      "Type": "AWS::IAM::Role",
    },
    "RouteTable82FB8FA6": {
      "Properties": {
        "Tags": [
          {
            "Key": "Name",
            "Value": "TestRouteTable",
          },
          {
            "Key": "Test-Key",
            "Value": "Test-Value",
          },
        ],
        "VpcId": {
          "Ref": "TestVpcE77CE678",
        },
      },
      "Type": "AWS::EC2::RouteTable",
    },
    "RouteTableGatewayAssociation99E18AA3": {
      "DependsOn": [
        "TestVpcInternetGatewayAttachment60E451D5",
      ],
      "Properties": {
        "GatewayId": {
          "Ref": "TestVpcInternetGateway01360C82",
        },
        "RouteTableId": {
          "Ref": "RouteTable82FB8FA6",
        },
      },
      "Type": "AWS::EC2::GatewayRouteTableAssociation",
    },
    "RouteTableVirtualPrivateGatewayAssociation6AD07550": {
      "DependsOn": [
        "TestVpcVirtualPrivateGatewayAttachment5D655F8D",
      ],
      "Properties": {
        "GatewayId": {
          "Ref": "TestVpcVirtualPrivateGateway56B5C340",
        },
        "RouteTableId": {
          "Ref": "RouteTable82FB8FA6",
        },
      },
      "Type": "AWS::EC2::GatewayRouteTableAssociation",
    },
    "RouteTabletest2NgwRoute7F788B8D": {
      "DeletionPolicy": "Delete",
      "DependsOn": [
        "CustomPrefixListRouteCustomResourceProviderLogGroup68DB81A5",
      ],
      "Properties": {
        "ServiceToken": {
          "Fn::GetAtt": [
            "CustomPrefixListRouteCustomResourceProviderHandler5B28D077",
            "Arn",
          ],
        },
        "routeDefinition": {
          "DestinationPrefixListId": "pl-1234",
          "NatGatewayId": {
            "Ref": "ngwBD1698D5",
          },
          "RouteTableId": {
            "Ref": "RouteTable82FB8FA6",
          },
        },
      },
      "Type": "Custom::PrefixListRoute",
      "UpdateReplacePolicy": "Delete",
    },
    "RouteTabletestIgwRoute23DD8B83D": {
      "DeletionPolicy": "Delete",
      "DependsOn": [
        "CustomPrefixListRouteCustomResourceProviderLogGroup68DB81A5",
        "TestVpcInternetGatewayAttachment60E451D5",
      ],
      "Properties": {
        "ServiceToken": {
          "Fn::GetAtt": [
            "CustomPrefixListRouteCustomResourceProviderHandler5B28D077",
            "Arn",
          ],
        },
        "routeDefinition": {
          "DestinationPrefixListId": "pl-1234",
          "GatewayId": {
            "Ref": "TestVpcInternetGateway01360C82",
          },
          "RouteTableId": {
            "Ref": "RouteTable82FB8FA6",
          },
        },
      },
      "Type": "Custom::PrefixListRoute",
      "UpdateReplacePolicy": "Delete",
    },
    "RouteTabletestIgwRoute3732DB68": {
      "DependsOn": [
        "TestVpcInternetGatewayAttachment60E451D5",
      ],
      "Properties": {
        "DestinationCidrBlock": "0.0.0.0/0",
        "GatewayId": {
          "Ref": "TestVpcInternetGateway01360C82",
        },
        "RouteTableId": {
          "Ref": "RouteTable82FB8FA6",
        },
      },
      "Type": "AWS::EC2::Route",
    },
    "RouteTabletestNgwRouteAE321892": {
      "Properties": {
        "DestinationCidrBlock": "10.0.3.0/24",
        "NatGatewayId": {
          "Ref": "ngwBD1698D5",
        },
        "RouteTableId": {
          "Ref": "RouteTable82FB8FA6",
        },
      },
      "Type": "AWS::EC2::Route",
    },
    "RouteTabletestVgw2RouteDD19A5B1": {
      "DeletionPolicy": "Delete",
      "DependsOn": [
        "CustomPrefixListRouteCustomResourceProviderLogGroup68DB81A5",
        "TestVpcVirtualPrivateGatewayAttachment5D655F8D",
      ],
      "Properties": {
        "ServiceToken": {
          "Fn::GetAtt": [
            "CustomPrefixListRouteCustomResourceProviderHandler5B28D077",
            "Arn",
          ],
        },
        "routeDefinition": {
          "DestinationPrefixListId": "pl-1234",
          "GatewayId": {
            "Ref": "TestVpcVirtualPrivateGateway56B5C340",
          },
          "RouteTableId": {
            "Ref": "RouteTable82FB8FA6",
          },
        },
      },
      "Type": "Custom::PrefixListRoute",
      "UpdateReplacePolicy": "Delete",
    },
    "RouteTabletestVgwRoute717D63D3": {
      "DependsOn": [
        "TestVpcVirtualPrivateGatewayAttachment5D655F8D",
      ],
      "Properties": {
        "DestinationCidrBlock": "10.0.30./24",
        "GatewayId": {
          "Ref": "TestVpcVirtualPrivateGateway56B5C340",
        },
        "RouteTableId": {
          "Ref": "RouteTable82FB8FA6",
        },
      },
      "Type": "AWS::EC2::Route",
    },
    "RouteTabletgCEFADE05": {
      "DependsOn": [
        "tgwAttachment",
      ],
      "Properties": {
        "DestinationCidrBlock": "10.0.5.0/24",
        "RouteTableId": {
          "Ref": "RouteTable82FB8FA6",
        },
        "TransitGatewayId": "tg-1234",
      },
      "Type": "AWS::EC2::Route",
    },
    "RouteTabletgroute63CDF5B7": {
      "DeletionPolicy": "Delete",
      "DependsOn": [
        "CustomPrefixListRouteCustomResourceProviderLogGroup68DB81A5",
        "tgwAttachment",
      ],
      "Properties": {
        "ServiceToken": {
          "Fn::GetAtt": [
            "CustomPrefixListRouteCustomResourceProviderHandler5B28D077",
            "Arn",
          ],
        },
        "routeDefinition": {
          "DestinationPrefixListId": "pl-1234",
          "RouteTableId": {
            "Ref": "RouteTable82FB8FA6",
          },
          "TransitGatewayId": "tgw-1234",
        },
      },
      "Type": "Custom::PrefixListRoute",
      "UpdateReplacePolicy": "Delete",
    },
    "TestVpcE77CE678": {
      "Properties": {
        "CidrBlock": "10.0.0.0/16",
        "EnableDnsHostnames": false,
        "EnableDnsSupport": true,
        "InstanceTenancy": "default",
        "Tags": [
          {
            "Key": "Name",
            "Value": "Test",
          },
        ],
      },
      "Type": "AWS::EC2::VPC",
    },
    "TestVpcInternetGateway01360C82": {
      "Properties": {
        "Tags": [
          {
            "Key": "Name",
            "Value": "Test",
          },
        ],
      },
      "Type": "AWS::EC2::InternetGateway",
    },
    "TestVpcInternetGatewayAttachment60E451D5": {
      "Properties": {
        "InternetGatewayId": {
          "Ref": "TestVpcInternetGateway01360C82",
        },
        "VpcId": {
          "Ref": "TestVpcE77CE678",
        },
      },
      "Type": "AWS::EC2::VPCGatewayAttachment",
    },
    "TestVpcVirtualPrivateGateway56B5C340": {
      "Properties": {
        "AmazonSideAsn": 65000,
        "Tags": [
          {
            "Key": "Name",
            "Value": "Test",
          },
        ],
        "Type": "ipsec.1",
      },
      "Type": "AWS::EC2::VPNGateway",
    },
    "TestVpcVirtualPrivateGatewayAttachment5D655F8D": {
      "Properties": {
        "VpcId": {
          "Ref": "TestVpcE77CE678",
        },
        "VpnGatewayId": {
          "Ref": "TestVpcVirtualPrivateGateway56B5C340",
        },
      },
      "Type": "AWS::EC2::VPCGatewayAttachment",
    },
    "ngwBD1698D5": {
      "Properties": {
        "AllocationId": {
          "Fn::GetAtt": [
            "ngwEipBD9BC2FE",
            "AllocationId",
          ],
        },
        "SubnetId": {
          "Ref": "testsubnetFBD9E7FF",
        },
        "Tags": [
          {
            "Key": "Name",
            "Value": "ngw",
          },
        ],
      },
      "Type": "AWS::EC2::NatGateway",
    },
    "ngwEipBD9BC2FE": {
      "Properties": {
        "Domain": "vpc",
        "Tags": [
          {
            "Key": "Name",
            "Value": "ngw",
          },
        ],
      },
      "Type": "AWS::EC2::EIP",
    },
    "testKey1CDDDD5E": {
      "DeletionPolicy": "Retain",
      "Properties": {
        "KeyPolicy": {
          "Statement": [
            {
              "Action": "kms:*",
              "Effect": "Allow",
              "Principal": {
                "AWS": {
                  "Fn::Join": [
                    "",
                    [
                      "arn:",
                      {
                        "Ref": "AWS::Partition",
                      },
                      ":iam::",
                      {
                        "Ref": "AWS::AccountId",
                      },
                      ":root",
                    ],
                  ],
                },
              },
              "Resource": "*",
            },
          ],
          "Version": "2012-10-17",
        },
      },
      "Type": "AWS::KMS::Key",
      "UpdateReplacePolicy": "Retain",
    },
    "testsubnetFBD9E7FF": {
      "Properties": {
        "AvailabilityZone": "a",
        "CidrBlock": "10.0.2.0/24",
        "Tags": [
          {
            "Key": "Name",
            "Value": "test-subnet",
          },
        ],
        "VpcId": {
          "Ref": "TestVpcE77CE678",
        },
      },
      "Type": "AWS::EC2::Subnet",
    },
    "testsubnetRouteTableAssociationA7927A11": {
      "Properties": {
        "RouteTableId": {
          "Ref": "RouteTable82FB8FA6",
        },
        "SubnetId": {
          "Ref": "testsubnetFBD9E7FF",
        },
      },
      "Type": "AWS::EC2::SubnetRouteTableAssociation",
    },
    "tgwAttachment": {
      "Properties": {
        "SubnetIds": [
          "subnet-123",
        ],
        "TransitGatewayId": "tgw-12324",
        "VpcId": {
          "Ref": "TestVpcE77CE678",
        },
      },
      "Type": "AWS::EC2::TransitGatewayAttachment",
    },
  },
}
`;
