// Jest Snapshot v1, https://goo.gl/fbAQLP

exports[`TransitGatewayPeering Construct(TransitGatewayPrefixListReference):  Snapshot Test 1`] = `
{
  "Parameters": {
    "SsmParameterValueacceleratornetworktransitGatewaysSharedServicesTGWidC96584B6F00A464EAD1953AFF4B05118Parameter": {
      "Default": "/accelerator/network/transitGateways/SharedServices-TGW/id",
      "Type": "AWS::SSM::Parameter::Value<String>",
    },
  },
  "Resources": {
    "CustomTransitGatewayAcceptPeeringCustomResourceProviderHandler692671C6": {
      "DependsOn": [
        "CustomTransitGatewayAcceptPeeringCustomResourceProviderRole0A88B1D1",
      ],
      "Properties": {
        "Code": {
          "S3Bucket": {
            "Fn::Sub": "cdk-hnb659fds-assets-\${AWS::AccountId}-\${AWS::Region}",
          },
          "S3Key": "REPLACED-GENERATED-NAME.zip",
        },
        "Handler": "__entrypoint__.handler",
        "MemorySize": 128,
        "Role": {
          "Fn::GetAtt": [
            "CustomTransitGatewayAcceptPeeringCustomResourceProviderRole0A88B1D1",
            "Arn",
          ],
        },
        "Runtime": "nodejs16.x",
        "Timeout": 900,
      },
      "Type": "AWS::Lambda::Function",
    },
    "CustomTransitGatewayAcceptPeeringCustomResourceProviderLogGroupB843F457": {
      "DeletionPolicy": "Retain",
      "Properties": {
        "KmsKeyId": {
          "Fn::GetAtt": [
            "TestKms67078DF1",
            "Arn",
          ],
        },
        "LogGroupName": {
          "Fn::Join": [
            "",
            [
              "/aws/lambda/",
              {
                "Ref": "CustomTransitGatewayAcceptPeeringCustomResourceProviderHandler692671C6",
              },
            ],
          ],
        },
        "RetentionInDays": 3653,
      },
      "Type": "AWS::Logs::LogGroup",
      "UpdateReplacePolicy": "Retain",
    },
    "CustomTransitGatewayAcceptPeeringCustomResourceProviderRole0A88B1D1": {
      "Properties": {
        "AssumeRolePolicyDocument": {
          "Statement": [
            {
              "Action": "sts:AssumeRole",
              "Effect": "Allow",
              "Principal": {
                "Service": "lambda.amazonaws.com",
              },
            },
          ],
          "Version": "2012-10-17",
        },
        "ManagedPolicyArns": [
          {
            "Fn::Sub": "arn:\${AWS::Partition}:iam::aws:policy/service-role/AWSLambdaBasicExecutionRole",
          },
        ],
        "Policies": [
          {
            "PolicyDocument": {
              "Statement": [
                {
                  "Action": [
                    "sts:AssumeRole",
                  ],
                  "Effect": "Allow",
                  "Resource": {
                    "Fn::Join": [
                      "",
                      [
                        "arn:",
                        {
                          "Ref": "AWS::Partition",
                        },
                        ":iam::",
                        {
                          "Ref": "AWS::AccountId",
                        },
                        ":role/ABC",
                      ],
                    ],
                  },
                  "Sid": "AllowAssumeRole",
                },
                {
                  "Action": [
                    "ec2:AssociateTransitGatewayRouteTable",
                    "ec2:DisassociateTransitGatewayRouteTable",
                    "ec2:DescribeTransitGatewayPeeringAttachments",
                    "ec2:DescribeTransitGatewayAttachments",
                  ],
                  "Effect": "Allow",
                  "Resource": "*",
                  "Sid": "AllowModifyPeeringReferences",
                },
              ],
              "Version": "2012-10-17",
            },
            "PolicyName": "Inline",
          },
        ],
      },
      "Type": "AWS::IAM::Role",
    },
    "TestKms67078DF1": {
      "DeletionPolicy": "Retain",
      "Properties": {
        "KeyPolicy": {
          "Statement": [
            {
              "Action": "kms:*",
              "Effect": "Allow",
              "Principal": {
                "AWS": {
                  "Fn::Join": [
                    "",
                    [
                      "arn:",
                      {
                        "Ref": "AWS::Partition",
                      },
                      ":iam::",
                      {
                        "Ref": "AWS::AccountId",
                      },
                      ":root",
                    ],
                  ],
                },
              },
              "Resource": "*",
            },
          ],
          "Version": "2012-10-17",
        },
      },
      "Type": "AWS::KMS::Key",
      "UpdateReplacePolicy": "Retain",
    },
    "TransitGatewayPeering3AEAB3EC": {
      "DeletionPolicy": "Delete",
      "DependsOn": [
        "CustomTransitGatewayAcceptPeeringCustomResourceProviderLogGroupB843F457",
      ],
      "Properties": {
        "ServiceToken": {
          "Fn::GetAtt": [
            "CustomTransitGatewayAcceptPeeringCustomResourceProviderHandler692671C6",
            "Arn",
          ],
        },
        "accepterAccountId": {
          "Ref": "AWS::AccountId",
        },
        "accepterRegion": "us-west-2",
        "accepterRoleArn": {
          "Fn::Join": [
            "",
            [
              "arn:",
              {
                "Ref": "AWS::Partition",
              },
              ":iam::",
              {
                "Ref": "AWS::AccountId",
              },
              ":role/ABC",
            ],
          ],
        },
        "accepterTransitGatewayId": "tgw-0001",
        "accepterTransitGatewayRouteTableId": "rt-001",
        "autoAccept": true,
        "peeringTags": [
          {
            "Key": "Name",
            "Value": "SharedServices-And-Network-Main-Peering",
          },
        ],
        "requesterAccountId": {
          "Ref": "AWS::AccountId",
        },
        "requesterRegion": {
          "Ref": "AWS::Region",
        },
        "requesterTransitGatewayAttachmentId": {
          "Fn::GetAtt": [
            "TransitGatewayPeeringNetworkMainTgwToSharedServicesTgw8B9A3F31",
            "TransitGatewayAttachmentId",
          ],
        },
        "requesterTransitGatewayRouteTableId": "tgw-0002",
        "uuid": "REPLACED-UUID",
      },
      "Type": "Custom::TransitGatewayAcceptPeering",
      "UpdateReplacePolicy": "Delete",
    },
    "TransitGatewayPeeringNetworkMainTgwToSharedServicesTgw8B9A3F31": {
      "Properties": {
        "PeerAccountId": {
          "Ref": "AWS::AccountId",
        },
        "PeerRegion": "us-west-2",
        "PeerTransitGatewayId": "tgw-0001",
        "Tags": [
          {
            "Key": "Name",
            "Value": "SharedServices-And-Network-Main-Peering",
          },
        ],
        "TransitGatewayId": {
          "Ref": "SsmParameterValueacceleratornetworktransitGatewaysSharedServicesTGWidC96584B6F00A464EAD1953AFF4B05118Parameter",
        },
      },
      "Type": "AWS::EC2::TransitGatewayPeeringAttachment",
    },
  },
}
`;
