// Jest Snapshot v1, https://goo.gl/fbAQLP

exports[`VpnConnection Construct(VpnConnection):  Snapshot Test 1`] = `
{
  "Resources": {
    "TestVpnVpnConnection655CF32D": {
      "Properties": {
        "CustomerGatewayId": "Test-Cgw",
        "StaticRoutesOnly": true,
        "Tags": [
          {
            "Key": "Name",
            "Value": "Test-Vpn",
          },
          {
            "Key": "Test-Key",
            "Value": "Test-Value",
          },
        ],
        "TransitGatewayId": "Test-tgw",
        "Type": "ipsec.1",
        "VpnTunnelOptionsSpecifications": [
          {
            "PreSharedKey": {
              "Fn::Join": [
                "",
                [
                  "{{resolve:secretsmanager:arn:",
                  {
                    "Ref": "AWS::Partition",
                  },
                  ":secretsmanager:",
                  {
                    "Ref": "AWS::Region",
                  },
                  ":",
                  {
                    "Ref": "AWS::AccountId",
                  },
                  ":secret:test-key-1:SecretString:::}}",
                ],
              ],
            },
            "TunnelInsideCidr": "169.254.200.0/30",
          },
          {
            "PreSharedKey": {
              "Fn::Join": [
                "",
                [
                  "{{resolve:secretsmanager:arn:",
                  {
                    "Ref": "AWS::Partition",
                  },
                  ":secretsmanager:",
                  {
                    "Ref": "AWS::Region",
                  },
                  ":",
                  {
                    "Ref": "AWS::AccountId",
                  },
                  ":secret:test-key-1:SecretString:::}}",
                ],
              ],
            },
            "TunnelInsideCidr": "169.254.100.0/30",
          },
        ],
      },
      "Type": "AWS::EC2::VPNConnection",
    },
  },
}
`;
