// Jest Snapshot v1, https://goo.gl/fbAQLP

exports[`FinalizeStack Construct(FinalizeStack):  Snapshot Test 1`] = `
{
  "Parameters": {
    "SsmParameterValueacceleratorkmscloudwatchkeyarnC96584B6F00A464EAD1953AFF4B05118Parameter": {
      "Default": "/accelerator/kms/cloudwatch/key-arn",
      "Type": "AWS::SSM::Parameter::Value<String>",
    },
    "SsmParameterValueacceleratororganizationsscpQuarantineidC96584B6F00A464EAD1953AFF4B05118Parameter": {
      "Default": "/accelerator/organizations/scp/Quarantine/id",
      "Type": "AWS::SSM::Parameter::Value<String>",
    },
  },
  "Resources": {
    "AcceleratorCommitIdParameterEF286FB9": {
      "Properties": {
        "Description": "The commit hash of the latest aws-accelerator-config commit to deploy successfully",
        "Name": "/accelerator/configuration/configCommitId",
        "Type": "String",
        "Value": "e3cdaecaa6073ad9e4721344cd109eb6de351cfb",
      },
      "Type": "AWS::SSM::Parameter",
    },
    "CustomDetachQuarantineScpCustomResourceProviderHandlerA1F1C263": {
      "DependsOn": [
        "CustomDetachQuarantineScpCustomResourceProviderRoleE5C433C1",
      ],
      "Properties": {
        "Code": {
          "S3Bucket": "cdk-hnb659fds-assets-111111111111-us-east-1",
          "S3Key": "REPLACED-GENERATED-NAME.zip",
        },
        "Handler": "__entrypoint__.handler",
        "MemorySize": 128,
        "Role": {
          "Fn::GetAtt": [
            "CustomDetachQuarantineScpCustomResourceProviderRoleE5C433C1",
            "Arn",
          ],
        },
        "Runtime": "nodejs16.x",
        "Timeout": 900,
      },
      "Type": "AWS::Lambda::Function",
    },
    "CustomDetachQuarantineScpCustomResourceProviderLogGroupD9E0EA42": {
      "DeletionPolicy": "Delete",
      "Properties": {
        "KmsKeyId": {
          "Ref": "SsmParameterValueacceleratorkmscloudwatchkeyarnC96584B6F00A464EAD1953AFF4B05118Parameter",
        },
        "LogGroupName": {
          "Fn::Join": [
            "",
            [
              "/aws/lambda/",
              {
                "Ref": "CustomDetachQuarantineScpCustomResourceProviderHandlerA1F1C263",
              },
            ],
          ],
        },
        "RetentionInDays": 3653,
      },
      "Type": "AWS::Logs::LogGroup",
      "UpdateReplacePolicy": "Delete",
    },
    "CustomDetachQuarantineScpCustomResourceProviderRoleE5C433C1": {
      "Properties": {
        "AssumeRolePolicyDocument": {
          "Statement": [
            {
              "Action": "sts:AssumeRole",
              "Effect": "Allow",
              "Principal": {
                "Service": "lambda.amazonaws.com",
              },
            },
          ],
          "Version": "2012-10-17",
        },
        "ManagedPolicyArns": [
          {
            "Fn::Sub": "arn:\${AWS::Partition}:iam::aws:policy/service-role/AWSLambdaBasicExecutionRole",
          },
        ],
        "Policies": [
          {
            "PolicyDocument": {
              "Statement": [
                {
                  "Action": [
                    "organizations:ListAccounts",
                  ],
                  "Effect": "Allow",
                  "Resource": "*",
                  "Sid": "organizations",
                },
                {
                  "Action": [
                    "organizations:DetachPolicy",
                  ],
                  "Effect": "Allow",
                  "Resource": [
                    {
                      "Fn::Join": [
                        "",
                        [
                          "arn:aws:organizations::111111111111:policy/o-*/service_control_policy/",
                          {
                            "Ref": "SsmParameterValueacceleratororganizationsscpQuarantineidC96584B6F00A464EAD1953AFF4B05118Parameter",
                          },
                        ],
                      ],
                    },
                    "arn:aws:organizations::111111111111:account/o-*/*",
                  ],
                  "Sid": "detach",
                },
              ],
              "Version": "2012-10-17",
            },
            "PolicyName": "Inline",
          },
        ],
      },
      "Type": "AWS::IAM::Role",
    },
    "DetachQuarantineScpD09A8004": {
      "DeletionPolicy": "Delete",
      "DependsOn": [
        "CustomDetachQuarantineScpCustomResourceProviderLogGroupD9E0EA42",
      ],
      "Properties": {
        "ServiceToken": {
          "Fn::GetAtt": [
            "CustomDetachQuarantineScpCustomResourceProviderHandlerA1F1C263",
            "Arn",
          ],
        },
        "scpPolicyId": {
          "Ref": "SsmParameterValueacceleratororganizationsscpQuarantineidC96584B6F00A464EAD1953AFF4B05118Parameter",
        },
        "uuid": "REPLACED-UUID",
      },
      "Type": "Custom::DetachQuarantineScp",
      "UpdateReplacePolicy": "Delete",
    },
    "SsmParamAcceleratorVersionFF83282D": {
      "Properties": {
        "Name": "/accelerator/AWSAccelerator-FinalizeStack-111111111111-us-east-1/version",
        "Type": "String",
        "Value": "1.4.1",
      },
      "Type": "AWS::SSM::Parameter",
    },
    "SsmParamStackId521A78D3": {
      "Properties": {
        "Name": "/accelerator/AWSAccelerator-FinalizeStack-111111111111-us-east-1/stack-id",
        "Type": "String",
        "Value": {
          "Ref": "AWS::StackId",
        },
      },
      "Type": "AWS::SSM::Parameter",
    },
  },
}
`;
