// Jest Snapshot v1, https://goo.gl/fbAQLP

exports[`NetworkAssociationsGwlbStack Construct(NetworkAssociationsGwlbStack):  Snapshot Test 1`] = `
{
  "Parameters": {
    "SsmParameterValueacceleratorkmscloudwatchkeyarnC96584B6F00A464EAD1953AFF4B05118Parameter": {
      "Default": "/accelerator/kms/cloudwatch/key-arn",
      "Type": "AWS::SSM::Parameter::Value<String>",
    },
    "SsmParameterValueacceleratornetworkgwlbAcceleratorGWLBarnC96584B6F00A464EAD1953AFF4B05118Parameter": {
      "Default": "/accelerator/network/gwlb/Accelerator-GWLB/arn",
      "Type": "AWS::SSM::Parameter::Value<String>",
    },
    "SsmParameterValueacceleratornetworkgwlbAcceleratorGWLBendpointServiceidC96584B6F00A464EAD1953AFF4B05118Parameter": {
      "Default": "/accelerator/network/gwlb/Accelerator-GWLB/endpointService/id",
      "Type": "AWS::SSM::Parameter::Value<String>",
    },
    "SsmParameterValueacceleratornetworkvpcNetworkEndpointsidC96584B6F00A464EAD1953AFF4B05118Parameter": {
      "Default": "/accelerator/network/vpc/Network-Endpoints/id",
      "Type": "AWS::SSM::Parameter::Value<String>",
    },
    "SsmParameterValueacceleratornetworkvpcNetworkEndpointsrouteTableNetworkEndpointsAidC96584B6F00A464EAD1953AFF4B05118Parameter": {
      "Default": "/accelerator/network/vpc/Network-Endpoints/routeTable/Network-Endpoints-A/id",
      "Type": "AWS::SSM::Parameter::Value<String>",
    },
    "SsmParameterValueacceleratornetworkvpcNetworkEndpointsrouteTableNetworkEndpointsBidC96584B6F00A464EAD1953AFF4B05118Parameter": {
      "Default": "/accelerator/network/vpc/Network-Endpoints/routeTable/Network-Endpoints-B/id",
      "Type": "AWS::SSM::Parameter::Value<String>",
    },
    "SsmParameterValueacceleratornetworkvpcNetworkEndpointsrouteTableNetworkEndpointsTgwAidC96584B6F00A464EAD1953AFF4B05118Parameter": {
      "Default": "/accelerator/network/vpc/Network-Endpoints/routeTable/Network-Endpoints-Tgw-A/id",
      "Type": "AWS::SSM::Parameter::Value<String>",
    },
    "SsmParameterValueacceleratornetworkvpcNetworkEndpointsrouteTableNetworkEndpointsTgwBidC96584B6F00A464EAD1953AFF4B05118Parameter": {
      "Default": "/accelerator/network/vpc/Network-Endpoints/routeTable/Network-Endpoints-Tgw-B/id",
      "Type": "AWS::SSM::Parameter::Value<String>",
    },
    "SsmParameterValueacceleratornetworkvpcNetworkEndpointssecurityGroupManagementidC96584B6F00A464EAD1953AFF4B05118Parameter": {
      "Default": "/accelerator/network/vpc/Network-Endpoints/securityGroup/Management/id",
      "Type": "AWS::SSM::Parameter::Value<String>",
    },
    "SsmParameterValueacceleratornetworkvpcNetworkEndpointssubnetNetworkEndpointsAidC96584B6F00A464EAD1953AFF4B05118Parameter": {
      "Default": "/accelerator/network/vpc/Network-Endpoints/subnet/Network-Endpoints-A/id",
      "Type": "AWS::SSM::Parameter::Value<String>",
    },
    "SsmParameterValueacceleratornetworkvpcNetworkEndpointssubnetNetworkEndpointsBidC96584B6F00A464EAD1953AFF4B05118Parameter": {
      "Default": "/accelerator/network/vpc/Network-Endpoints/subnet/Network-Endpoints-B/id",
      "Type": "AWS::SSM::Parameter::Value<String>",
    },
    "SsmParameterValueacceleratornetworkvpcNetworkEndpointssubnetNetworkEndpointsTgwAttachAidC96584B6F00A464EAD1953AFF4B05118Parameter": {
      "Default": "/accelerator/network/vpc/Network-Endpoints/subnet/Network-EndpointsTgwAttach-A/id",
      "Type": "AWS::SSM::Parameter::Value<String>",
    },
    "SsmParameterValueacceleratornetworkvpcNetworkEndpointssubnetNetworkEndpointsTgwAttachBidC96584B6F00A464EAD1953AFF4B05118Parameter": {
      "Default": "/accelerator/network/vpc/Network-Endpoints/subnet/Network-EndpointsTgwAttach-B/id",
      "Type": "AWS::SSM::Parameter::Value<String>",
    },
    "SsmParameterValueacceleratornetworkvpcNetworkInspectionidC96584B6F00A464EAD1953AFF4B05118Parameter": {
      "Default": "/accelerator/network/vpc/Network-Inspection/id",
      "Type": "AWS::SSM::Parameter::Value<String>",
    },
    "SsmParameterValueacceleratornetworkvpcNetworkInspectionrouteTableNetworkInspectionAidC96584B6F00A464EAD1953AFF4B05118Parameter": {
      "Default": "/accelerator/network/vpc/Network-Inspection/routeTable/Network-Inspection-A/id",
      "Type": "AWS::SSM::Parameter::Value<String>",
    },
    "SsmParameterValueacceleratornetworkvpcNetworkInspectionrouteTableNetworkInspectionBidC96584B6F00A464EAD1953AFF4B05118Parameter": {
      "Default": "/accelerator/network/vpc/Network-Inspection/routeTable/Network-Inspection-B/id",
      "Type": "AWS::SSM::Parameter::Value<String>",
    },
    "SsmParameterValueacceleratornetworkvpcNetworkInspectionrouteTableNetworkInspectionGatewayidC96584B6F00A464EAD1953AFF4B05118Parameter": {
      "Default": "/accelerator/network/vpc/Network-Inspection/routeTable/Network-Inspection-Gateway/id",
      "Type": "AWS::SSM::Parameter::Value<String>",
    },
    "SsmParameterValueacceleratornetworkvpcNetworkInspectionrouteTableNetworkInspectionTgwAidC96584B6F00A464EAD1953AFF4B05118Parameter": {
      "Default": "/accelerator/network/vpc/Network-Inspection/routeTable/Network-Inspection-Tgw-A/id",
      "Type": "AWS::SSM::Parameter::Value<String>",
    },
    "SsmParameterValueacceleratornetworkvpcNetworkInspectionrouteTableNetworkInspectionTgwBidC96584B6F00A464EAD1953AFF4B05118Parameter": {
      "Default": "/accelerator/network/vpc/Network-Inspection/routeTable/Network-Inspection-Tgw-B/id",
      "Type": "AWS::SSM::Parameter::Value<String>",
    },
    "SsmParameterValueacceleratornetworkvpcNetworkInspectionsecurityGroupDataidC96584B6F00A464EAD1953AFF4B05118Parameter": {
      "Default": "/accelerator/network/vpc/Network-Inspection/securityGroup/Data/id",
      "Type": "AWS::SSM::Parameter::Value<String>",
    },
    "SsmParameterValueacceleratornetworkvpcNetworkInspectionsubnetNetworkInspectionAidC96584B6F00A464EAD1953AFF4B05118Parameter": {
      "Default": "/accelerator/network/vpc/Network-Inspection/subnet/Network-Inspection-A/id",
      "Type": "AWS::SSM::Parameter::Value<String>",
    },
    "SsmParameterValueacceleratornetworkvpcNetworkInspectionsubnetNetworkInspectionBidC96584B6F00A464EAD1953AFF4B05118Parameter": {
      "Default": "/accelerator/network/vpc/Network-Inspection/subnet/Network-Inspection-B/id",
      "Type": "AWS::SSM::Parameter::Value<String>",
    },
    "SsmParameterValueacceleratornetworkvpcNetworkInspectionsubnetNetworkInspectionTgwAttachAidC96584B6F00A464EAD1953AFF4B05118Parameter": {
      "Default": "/accelerator/network/vpc/Network-Inspection/subnet/Network-InspectionTgwAttach-A/id",
      "Type": "AWS::SSM::Parameter::Value<String>",
    },
    "SsmParameterValueacceleratornetworkvpcNetworkInspectionsubnetNetworkInspectionTgwAttachBidC96584B6F00A464EAD1953AFF4B05118Parameter": {
      "Default": "/accelerator/network/vpc/Network-Inspection/subnet/Network-InspectionTgwAttach-B/id",
      "Type": "AWS::SSM::Parameter::Value<String>",
    },
    "SsmParameterValueacceleratornetworkvpcNetworkSecondaryidC96584B6F00A464EAD1953AFF4B05118Parameter": {
      "Default": "/accelerator/network/vpc/Network-Secondary/id",
      "Type": "AWS::SSM::Parameter::Value<String>",
    },
    "SsmParameterValueacceleratornetworkvpcNetworkSecondaryrouteTableNetworkSecondaryARtidC96584B6F00A464EAD1953AFF4B05118Parameter": {
      "Default": "/accelerator/network/vpc/Network-Secondary/routeTable/Network-Secondary-A-Rt/id",
      "Type": "AWS::SSM::Parameter::Value<String>",
    },
    "SsmParameterValueacceleratornetworkvpcNetworkSecondaryrouteTableNetworkSecondaryBRtidC96584B6F00A464EAD1953AFF4B05118Parameter": {
      "Default": "/accelerator/network/vpc/Network-Secondary/routeTable/Network-Secondary-B-Rt/id",
      "Type": "AWS::SSM::Parameter::Value<String>",
    },
    "SsmParameterValueacceleratornetworkvpcNetworkSecondarysubnetNetworkSecondaryAidC96584B6F00A464EAD1953AFF4B05118Parameter": {
      "Default": "/accelerator/network/vpc/Network-Secondary/subnet/Network-Secondary-A/id",
      "Type": "AWS::SSM::Parameter::Value<String>",
    },
    "SsmParameterValueacceleratornetworkvpcNetworkSecondarysubnetNetworkSecondaryBidC96584B6F00A464EAD1953AFF4B05118Parameter": {
      "Default": "/accelerator/network/vpc/Network-Secondary/subnet/Network-Secondary-B/id",
      "Type": "AWS::SSM::Parameter::Value<String>",
    },
    "SsmParameterValueacceleratorsecuritystackebsDefaultVolumeEncryptionKeyArnC96584B6F00A464EAD1953AFF4B05118Parameter": {
      "Default": "/accelerator/security-stack/ebsDefaultVolumeEncryptionKeyArn",
      "Type": "AWS::SSM::Parameter::Value<String>",
    },
    "SsmParameterValueawsserviceamiamazonlinuxlatestamzn2amihvmx8664gp2C96584B6F00A464EAD1953AFF4B05118Parameter": {
      "Default": "/aws/service/ami-amazon-linux-latest/amzn2-ami-hvm-x86_64-gp2",
      "Type": "AWS::SSM::Parameter::Value<String>",
    },
  },
  "Resources": {
    "NetworkInspectionAcceleratorGwlbListener": {
      "Properties": {
        "DefaultActions": [
          {
            "TargetGroupArn": {
              "Ref": "NetworkInspectioninstancetargetFirewallTargetGroupBF1E619D",
            },
            "Type": "forward",
          },
        ],
        "LoadBalancerArn": {
          "Ref": "SsmParameterValueacceleratornetworkgwlbAcceleratorGWLBarnC96584B6F00A464EAD1953AFF4B05118Parameter",
        },
      },
      "Type": "AWS::ElasticLoadBalancingV2::Listener",
    },
    "NetworkInspectionVpcEndpointAGwlbEpB5238F8C": {
      "Properties": {
        "ServiceName": {
          "Fn::Join": [
            "",
            [
              "com.amazonaws.vpce.us-east-1.",
              {
                "Ref": "SsmParameterValueacceleratornetworkgwlbAcceleratorGWLBendpointServiceidC96584B6F00A464EAD1953AFF4B05118Parameter",
              },
            ],
          ],
        },
        "SubnetIds": [
          {
            "Ref": "SsmParameterValueacceleratornetworkvpcNetworkInspectionsubnetNetworkInspectionAidC96584B6F00A464EAD1953AFF4B05118Parameter",
          },
        ],
        "VpcEndpointType": "GatewayLoadBalancer",
        "VpcId": {
          "Ref": "SsmParameterValueacceleratornetworkvpcNetworkInspectionidC96584B6F00A464EAD1953AFF4B05118Parameter",
        },
      },
      "Type": "AWS::EC2::VPCEndpoint",
    },
    "NetworkInspectionVpcEndpointAGwlbEpNetworkInspectionVpcNetworkInspectionTgwARouteTableGwlbRoute2D6CF39B": {
      "Properties": {
        "DestinationCidrBlock": "0.0.0.0/0",
        "RouteTableId": {
          "Ref": "SsmParameterValueacceleratornetworkvpcNetworkInspectionrouteTableNetworkInspectionTgwAidC96584B6F00A464EAD1953AFF4B05118Parameter",
        },
        "VpcEndpointId": {
          "Ref": "NetworkInspectionVpcEndpointAGwlbEpB5238F8C",
        },
      },
      "Type": "AWS::EC2::Route",
    },
    "NetworkInspectionVpcEndpointBGwlbEpEF9CAE4C": {
      "Properties": {
        "ServiceName": {
          "Fn::Join": [
            "",
            [
              "com.amazonaws.vpce.us-east-1.",
              {
                "Ref": "SsmParameterValueacceleratornetworkgwlbAcceleratorGWLBendpointServiceidC96584B6F00A464EAD1953AFF4B05118Parameter",
              },
            ],
          ],
        },
        "SubnetIds": [
          {
            "Ref": "SsmParameterValueacceleratornetworkvpcNetworkInspectionsubnetNetworkInspectionBidC96584B6F00A464EAD1953AFF4B05118Parameter",
          },
        ],
        "VpcEndpointType": "GatewayLoadBalancer",
        "VpcId": {
          "Ref": "SsmParameterValueacceleratornetworkvpcNetworkInspectionidC96584B6F00A464EAD1953AFF4B05118Parameter",
        },
      },
      "Type": "AWS::EC2::VPCEndpoint",
    },
    "NetworkInspectionVpcEndpointBGwlbEpNetworkInspectionVpcNetworkInspectionTgwBRouteTableGwlbRoute2B7C4C2E": {
      "Properties": {
        "DestinationCidrBlock": "0.0.0.0/0",
        "RouteTableId": {
          "Ref": "SsmParameterValueacceleratornetworkvpcNetworkInspectionrouteTableNetworkInspectionTgwBidC96584B6F00A464EAD1953AFF4B05118Parameter",
        },
        "VpcEndpointId": {
          "Ref": "NetworkInspectionVpcEndpointBGwlbEpEF9CAE4C",
        },
      },
      "Type": "AWS::EC2::Route",
    },
    "NetworkInspectionacceleratorFirewallFirewall23AAB613": {
      "Metadata": {
        "cdk_nag": {
          "rules_to_suppress": [
            {
              "id": "AwsSolutions-EC28",
              "reason": "Detailed monitoring not enabled by configuration.",
            },
            {
              "id": "AwsSolutions-EC29",
              "reason": "Termination protection not enabled by configuration.",
            },
          ],
        },
      },
      "Properties": {
        "LaunchTemplate": {
          "LaunchTemplateId": {
            "Ref": "NetworkInspectionacceleratorFirewallFirewallLaunchTemplate74BB830F",
          },
          "Version": {
            "Fn::GetAtt": [
              "NetworkInspectionacceleratorFirewallFirewallLaunchTemplate74BB830F",
              "LatestVersionNumber",
            ],
          },
        },
        "Tags": [
          {
            "Key": "Name",
            "Value": "accelerator-firewall",
          },
        ],
      },
      "Type": "AWS::EC2::Instance",
    },
    "NetworkInspectionacceleratorFirewallFirewallLaunchTemplate74BB830F": {
      "Properties": {
        "LaunchTemplateData": {
          "BlockDeviceMappings": [
            {
              "DeviceName": "/dev/xvda",
              "Ebs": {
                "Encrypted": true,
                "KmsKeyId": {
                  "Fn::Select": [
                    1,
                    {
                      "Fn::Split": [
                        "/",
                        {
                          "Fn::Select": [
                            5,
                            {
                              "Fn::Split": [
                                ":",
                                {
                                  "Ref": "SsmParameterValueacceleratorsecuritystackebsDefaultVolumeEncryptionKeyArnC96584B6F00A464EAD1953AFF4B05118Parameter",
                                },
                              ],
                            },
                          ],
                        },
                      ],
                    },
                  ],
                },
                "VolumeSize": 20,
              },
            },
            {
              "DeviceName": "/dev/xvdb",
              "Ebs": {
                "Encrypted": true,
                "KmsKeyId": {
                  "Fn::Select": [
                    1,
                    {
                      "Fn::Split": [
                        "/",
                        {
                          "Fn::Select": [
                            5,
                            {
                              "Fn::Split": [
                                ":",
                                {
                                  "Ref": "SsmParameterValueacceleratorsecuritystackebsDefaultVolumeEncryptionKeyArnC96584B6F00A464EAD1953AFF4B05118Parameter",
                                },
                              ],
                            },
                          ],
                        },
                      ],
                    },
                  ],
                },
                "VolumeSize": 10,
              },
            },
          ],
          "IamInstanceProfile": {},
          "ImageId": {
            "Ref": "SsmParameterValueawsserviceamiamazonlinuxlatestamzn2amihvmx8664gp2C96584B6F00A464EAD1953AFF4B05118Parameter",
          },
          "InstanceType": "t3.large",
          "MetadataOptions": {
            "HttpTokens": "required",
          },
          "NetworkInterfaces": [
            {
              "Description": "Primary interface",
              "DeviceIndex": 0,
              "Groups": [
                {
                  "Ref": "SsmParameterValueacceleratornetworkvpcNetworkInspectionsecurityGroupDataidC96584B6F00A464EAD1953AFF4B05118Parameter",
                },
              ],
              "SubnetId": {
                "Ref": "SsmParameterValueacceleratornetworkvpcNetworkInspectionsubnetNetworkInspectionAidC96584B6F00A464EAD1953AFF4B05118Parameter",
              },
            },
            {
              "Description": "Secondary",
              "DeviceIndex": 1,
              "Groups": [
                {
                  "Ref": "SsmParameterValueacceleratornetworkvpcNetworkInspectionsecurityGroupDataidC96584B6F00A464EAD1953AFF4B05118Parameter",
                },
              ],
              "SubnetId": {
                "Ref": "SsmParameterValueacceleratornetworkvpcNetworkInspectionsubnetNetworkInspectionAidC96584B6F00A464EAD1953AFF4B05118Parameter",
              },
            },
          ],
          "SecurityGroupIds": [],
        },
        "LaunchTemplateName": "firewall-lt",
      },
      "Type": "AWS::EC2::LaunchTemplate",
    },
    "NetworkInspectionacceleratorManagerFirewallB809D98F": {
      "Metadata": {
        "cdk_nag": {
          "rules_to_suppress": [
            {
              "id": "AwsSolutions-EC28",
              "reason": "Detailed monitoring not enabled by configuration.",
            },
            {
              "id": "AwsSolutions-EC29",
              "reason": "Termination protection not enabled by configuration.",
            },
          ],
        },
      },
      "Properties": {
        "LaunchTemplate": {
          "LaunchTemplateId": {
            "Ref": "NetworkInspectionacceleratorManagerFirewallLaunchTemplate2623D086",
          },
          "Version": {
            "Fn::GetAtt": [
              "NetworkInspectionacceleratorManagerFirewallLaunchTemplate2623D086",
              "LatestVersionNumber",
            ],
          },
        },
        "Tags": [
          {
            "Key": "Name",
            "Value": "accelerator-manager",
          },
        ],
      },
      "Type": "AWS::EC2::Instance",
    },
    "NetworkInspectionacceleratorManagerFirewallLaunchTemplate2623D086": {
      "Properties": {
        "LaunchTemplateData": {
          "BlockDeviceMappings": [
            {
              "DeviceName": "/dev/xvda",
              "Ebs": {
                "Encrypted": true,
                "KmsKeyId": {
                  "Fn::Select": [
                    1,
                    {
                      "Fn::Split": [
                        "/",
                        {
                          "Fn::Select": [
                            5,
                            {
                              "Fn::Split": [
                                ":",
                                {
                                  "Ref": "SsmParameterValueacceleratorsecuritystackebsDefaultVolumeEncryptionKeyArnC96584B6F00A464EAD1953AFF4B05118Parameter",
                                },
                              ],
                            },
                          ],
                        },
                      ],
                    },
                  ],
                },
                "VolumeSize": 20,
              },
            },
            {
              "DeviceName": "/dev/xvdb",
              "Ebs": {
                "Encrypted": true,
                "KmsKeyId": {
                  "Fn::Select": [
                    1,
                    {
                      "Fn::Split": [
                        "/",
                        {
                          "Fn::Select": [
                            5,
                            {
                              "Fn::Split": [
                                ":",
                                {
                                  "Ref": "SsmParameterValueacceleratorsecuritystackebsDefaultVolumeEncryptionKeyArnC96584B6F00A464EAD1953AFF4B05118Parameter",
                                },
                              ],
                            },
                          ],
                        },
                      ],
                    },
                  ],
                },
                "VolumeSize": 10,
              },
            },
          ],
          "IamInstanceProfile": {},
          "ImageId": {
            "Ref": "SsmParameterValueawsserviceamiamazonlinuxlatestamzn2amihvmx8664gp2C96584B6F00A464EAD1953AFF4B05118Parameter",
          },
          "InstanceType": "t3.large",
          "MetadataOptions": {
            "HttpTokens": "required",
          },
          "NetworkInterfaces": [
            {
              "Description": "Primary interface",
              "DeviceIndex": 0,
              "Groups": [
                {
                  "Ref": "SsmParameterValueacceleratornetworkvpcNetworkInspectionsecurityGroupDataidC96584B6F00A464EAD1953AFF4B05118Parameter",
                },
              ],
              "SubnetId": {
                "Ref": "SsmParameterValueacceleratornetworkvpcNetworkInspectionsubnetNetworkInspectionAidC96584B6F00A464EAD1953AFF4B05118Parameter",
              },
            },
            {
              "Description": "Secondary",
              "DeviceIndex": 1,
              "Groups": [
                {
                  "Ref": "SsmParameterValueacceleratornetworkvpcNetworkInspectionsecurityGroupDataidC96584B6F00A464EAD1953AFF4B05118Parameter",
                },
              ],
              "SubnetId": {
                "Ref": "SsmParameterValueacceleratornetworkvpcNetworkInspectionsubnetNetworkInspectionAidC96584B6F00A464EAD1953AFF4B05118Parameter",
              },
            },
          ],
          "SecurityGroupIds": [],
        },
        "LaunchTemplateName": "manager-lt",
      },
      "Type": "AWS::EC2::LaunchTemplate",
    },
    "NetworkInspectionasgtargetFirewallTargetGroupC774988D": {
      "Properties": {
        "HealthCheckEnabled": true,
        "Matcher": {},
        "Name": "asg-target",
        "Port": 6081,
        "Protocol": "GENEVE",
        "Tags": [
          {
            "Key": "Name",
            "Value": "asg-target",
          },
        ],
        "TargetType": "instance",
        "VpcId": {
          "Ref": "SsmParameterValueacceleratornetworkvpcNetworkInspectionidC96584B6F00A464EAD1953AFF4B05118Parameter",
        },
      },
      "Type": "AWS::ElasticLoadBalancingV2::TargetGroup",
    },
    "NetworkInspectioninstancetargetFirewallTargetGroupBF1E619D": {
      "Properties": {
        "HealthCheckEnabled": true,
        "Matcher": {},
        "Name": "instance-target",
        "Port": 6081,
        "Protocol": "GENEVE",
        "Tags": [
          {
            "Key": "Name",
            "Value": "instance-target",
          },
        ],
        "TargetGroupAttributes": [
          {
            "Key": "target_failover.on_deregistration",
            "Value": "rebalance",
          },
          {
            "Key": "target_failover.on_unhealthy",
            "Value": "rebalance",
          },
        ],
        "TargetType": "instance",
        "Targets": [
          {
            "Id": {
              "Ref": "NetworkInspectionacceleratorFirewallFirewall23AAB613",
            },
          },
        ],
        "VpcId": {
          "Ref": "SsmParameterValueacceleratornetworkvpcNetworkInspectionidC96584B6F00A464EAD1953AFF4B05118Parameter",
        },
      },
      "Type": "AWS::ElasticLoadBalancingV2::TargetGroup",
    },
    "NetworkInspectiontestAsgFirewallAsg1343090A": {
      "Metadata": {
        "cdk_nag": {
          "rules_to_suppress": [
            {
              "id": "AwsSolutions-AS3",
              "reason": "Scaling policies are not offered as a part of this solution.",
            },
          ],
        },
      },
      "Properties": {
        "DesiredCapacity": "2",
        "HealthCheckGracePeriod": 300,
        "HealthCheckType": "EC2",
        "LaunchTemplate": {
          "LaunchTemplateId": {
            "Ref": "NetworkInspectiontestAsgFirewallAsgLaunchTemplate333DF543",
          },
          "Version": {
            "Fn::GetAtt": [
              "NetworkInspectiontestAsgFirewallAsgLaunchTemplate333DF543",
              "LatestVersionNumber",
            ],
          },
        },
        "MaxSize": "4",
        "MinSize": "1",
        "Tags": [
          {
            "Key": "Name",
            "PropagateAtLaunch": true,
            "Value": "test-asg",
          },
        ],
        "TargetGroupARNs": [
          {
            "Ref": "NetworkInspectionasgtargetFirewallTargetGroupC774988D",
          },
        ],
        "VPCZoneIdentifier": [
          {
            "Ref": "SsmParameterValueacceleratornetworkvpcNetworkInspectionsubnetNetworkInspectionAidC96584B6F00A464EAD1953AFF4B05118Parameter",
          },
          {
            "Ref": "SsmParameterValueacceleratornetworkvpcNetworkInspectionsubnetNetworkInspectionBidC96584B6F00A464EAD1953AFF4B05118Parameter",
          },
        ],
      },
      "Type": "AWS::AutoScaling::AutoScalingGroup",
    },
    "NetworkInspectiontestAsgFirewallAsgAutoScalingServiceLinkedRole826FF3B8": {
      "Properties": {
        "AWSServiceName": "autoscaling.amazonaws.com",
        "Description": "Default Service-Linked Role enables access to AWS Services and Resources used or managed by Auto Scaling",
      },
      "Type": "AWS::IAM::ServiceLinkedRole",
    },
    "NetworkInspectiontestAsgFirewallAsgLaunchTemplate333DF543": {
      "Properties": {
        "LaunchTemplateData": {
          "BlockDeviceMappings": [
            {
              "DeviceName": "/dev/xvda",
              "Ebs": {
                "Encrypted": true,
                "KmsKeyId": {
                  "Fn::Select": [
                    1,
                    {
                      "Fn::Split": [
                        "/",
                        {
                          "Fn::Select": [
                            5,
                            {
                              "Fn::Split": [
                                ":",
                                {
                                  "Ref": "SsmParameterValueacceleratorsecuritystackebsDefaultVolumeEncryptionKeyArnC96584B6F00A464EAD1953AFF4B05118Parameter",
                                },
                              ],
                            },
                          ],
                        },
                      ],
                    },
                  ],
                },
                "VolumeSize": 20,
              },
            },
            {
              "DeviceName": "/dev/xvdb",
              "Ebs": {
                "Encrypted": true,
                "KmsKeyId": {
                  "Fn::Select": [
                    1,
                    {
                      "Fn::Split": [
                        "/",
                        {
                          "Fn::Select": [
                            5,
                            {
                              "Fn::Split": [
                                ":",
                                {
                                  "Ref": "SsmParameterValueacceleratorsecuritystackebsDefaultVolumeEncryptionKeyArnC96584B6F00A464EAD1953AFF4B05118Parameter",
                                },
                              ],
                            },
                          ],
                        },
                      ],
                    },
                  ],
                },
                "VolumeSize": 10,
              },
            },
          ],
          "IamInstanceProfile": {},
          "ImageId": {
            "Ref": "SsmParameterValueawsserviceamiamazonlinuxlatestamzn2amihvmx8664gp2C96584B6F00A464EAD1953AFF4B05118Parameter",
          },
          "InstanceType": "t3.large",
          "MetadataOptions": {
            "HttpTokens": "required",
          },
          "NetworkInterfaces": [
            {
              "Description": "Primary interface",
              "DeviceIndex": 0,
              "Groups": [
                {
                  "Ref": "SsmParameterValueacceleratornetworkvpcNetworkInspectionsecurityGroupDataidC96584B6F00A464EAD1953AFF4B05118Parameter",
                },
              ],
            },
            {
              "Description": "Secondary",
              "DeviceIndex": 1,
              "Groups": [
                {
                  "Ref": "SsmParameterValueacceleratornetworkvpcNetworkInspectionsecurityGroupDataidC96584B6F00A464EAD1953AFF4B05118Parameter",
                },
              ],
            },
          ],
          "SecurityGroupIds": [],
        },
        "LaunchTemplateName": "asg",
      },
      "Type": "AWS::EC2::LaunchTemplate",
    },
    "SsmParamAcceleratorVersionFF83282D": {
      "Properties": {
        "Name": "/accelerator/AWSAccelerator-NetworkAssociationsGwlbStack-555555555555-us-east-1/version",
        "Type": "String",
        "Value": "1.4.1",
      },
      "Type": "AWS::SSM::Parameter",
    },
    "SsmParamStackId521A78D3": {
      "Properties": {
        "Name": "/accelerator/AWSAccelerator-NetworkAssociationsGwlbStack-555555555555-us-east-1/stack-id",
        "Type": "String",
        "Value": {
          "Ref": "AWS::StackId",
        },
      },
      "Type": "AWS::SSM::Parameter",
    },
  },
}
`;
