// Jest Snapshot v1, https://goo.gl/fbAQLP

exports[`NetworkVpcDnsStack Construct(NetworkVpcDnsStack):  Snapshot Test 1`] = `
{
  "Parameters": {
    "SsmParameterValueacceleratorkmscloudwatchkeyarnC96584B6F00A464EAD1953AFF4B05118Parameter": {
      "Default": "/accelerator/kms/cloudwatch/key-arn",
      "Type": "AWS::SSM::Parameter::Value<String>",
    },
    "SsmParameterValueacceleratornetworkroute53ResolverendpointsacceleratorinboundidC96584B6F00A464EAD1953AFF4B05118Parameter": {
      "Default": "/accelerator/network/route53Resolver/endpoints/accelerator-inbound/id",
      "Type": "AWS::SSM::Parameter::Value<String>",
    },
    "SsmParameterValueacceleratornetworkroute53ResolverendpointsacceleratoroutboundidC96584B6F00A464EAD1953AFF4B05118Parameter": {
      "Default": "/accelerator/network/route53Resolver/endpoints/accelerator-outbound/id",
      "Type": "AWS::SSM::Parameter::Value<String>",
    },
    "SsmParameterValueacceleratornetworkvpcNetworkEndpointsendpointsec2dnsC96584B6F00A464EAD1953AFF4B05118Parameter": {
      "Default": "/accelerator/network/vpc/Network-Endpoints/endpoints/ec2/dns",
      "Type": "AWS::SSM::Parameter::Value<String>",
    },
    "SsmParameterValueacceleratornetworkvpcNetworkEndpointsendpointsec2hostedZoneIdC96584B6F00A464EAD1953AFF4B05118Parameter": {
      "Default": "/accelerator/network/vpc/Network-Endpoints/endpoints/ec2/hostedZoneId",
      "Type": "AWS::SSM::Parameter::Value<String>",
    },
    "SsmParameterValueacceleratornetworkvpcNetworkEndpointsendpointsec2messagesdnsC96584B6F00A464EAD1953AFF4B05118Parameter": {
      "Default": "/accelerator/network/vpc/Network-Endpoints/endpoints/ec2messages/dns",
      "Type": "AWS::SSM::Parameter::Value<String>",
    },
    "SsmParameterValueacceleratornetworkvpcNetworkEndpointsendpointsec2messageshostedZoneIdC96584B6F00A464EAD1953AFF4B05118Parameter": {
      "Default": "/accelerator/network/vpc/Network-Endpoints/endpoints/ec2messages/hostedZoneId",
      "Type": "AWS::SSM::Parameter::Value<String>",
    },
    "SsmParameterValueacceleratornetworkvpcNetworkEndpointsendpointskmsdnsC96584B6F00A464EAD1953AFF4B05118Parameter": {
      "Default": "/accelerator/network/vpc/Network-Endpoints/endpoints/kms/dns",
      "Type": "AWS::SSM::Parameter::Value<String>",
    },
    "SsmParameterValueacceleratornetworkvpcNetworkEndpointsendpointskmshostedZoneIdC96584B6F00A464EAD1953AFF4B05118Parameter": {
      "Default": "/accelerator/network/vpc/Network-Endpoints/endpoints/kms/hostedZoneId",
      "Type": "AWS::SSM::Parameter::Value<String>",
    },
    "SsmParameterValueacceleratornetworkvpcNetworkEndpointsendpointslogsdnsC96584B6F00A464EAD1953AFF4B05118Parameter": {
      "Default": "/accelerator/network/vpc/Network-Endpoints/endpoints/logs/dns",
      "Type": "AWS::SSM::Parameter::Value<String>",
    },
    "SsmParameterValueacceleratornetworkvpcNetworkEndpointsendpointslogshostedZoneIdC96584B6F00A464EAD1953AFF4B05118Parameter": {
      "Default": "/accelerator/network/vpc/Network-Endpoints/endpoints/logs/hostedZoneId",
      "Type": "AWS::SSM::Parameter::Value<String>",
    },
    "SsmParameterValueacceleratornetworkvpcNetworkEndpointsendpointss3dnsC96584B6F00A464EAD1953AFF4B05118Parameter": {
      "Default": "/accelerator/network/vpc/Network-Endpoints/endpoints/s3/dns",
      "Type": "AWS::SSM::Parameter::Value<String>",
    },
    "SsmParameterValueacceleratornetworkvpcNetworkEndpointsendpointss3hostedZoneIdC96584B6F00A464EAD1953AFF4B05118Parameter": {
      "Default": "/accelerator/network/vpc/Network-Endpoints/endpoints/s3/hostedZoneId",
      "Type": "AWS::SSM::Parameter::Value<String>",
    },
    "SsmParameterValueacceleratornetworkvpcNetworkEndpointsendpointsssmdnsC96584B6F00A464EAD1953AFF4B05118Parameter": {
      "Default": "/accelerator/network/vpc/Network-Endpoints/endpoints/ssm/dns",
      "Type": "AWS::SSM::Parameter::Value<String>",
    },
    "SsmParameterValueacceleratornetworkvpcNetworkEndpointsendpointsssmhostedZoneIdC96584B6F00A464EAD1953AFF4B05118Parameter": {
      "Default": "/accelerator/network/vpc/Network-Endpoints/endpoints/ssm/hostedZoneId",
      "Type": "AWS::SSM::Parameter::Value<String>",
    },
    "SsmParameterValueacceleratornetworkvpcNetworkEndpointsendpointsssmmessagesdnsC96584B6F00A464EAD1953AFF4B05118Parameter": {
      "Default": "/accelerator/network/vpc/Network-Endpoints/endpoints/ssmmessages/dns",
      "Type": "AWS::SSM::Parameter::Value<String>",
    },
    "SsmParameterValueacceleratornetworkvpcNetworkEndpointsendpointsssmmessageshostedZoneIdC96584B6F00A464EAD1953AFF4B05118Parameter": {
      "Default": "/accelerator/network/vpc/Network-Endpoints/endpoints/ssmmessages/hostedZoneId",
      "Type": "AWS::SSM::Parameter::Value<String>",
    },
    "SsmParameterValueacceleratornetworkvpcNetworkEndpointsidC96584B6F00A464EAD1953AFF4B05118Parameter": {
      "Default": "/accelerator/network/vpc/Network-Endpoints/id",
      "Type": "AWS::SSM::Parameter::Value<String>",
    },
    "SsmParameterValueacceleratornetworkvpcNetworkInspectionidC96584B6F00A464EAD1953AFF4B05118Parameter": {
      "Default": "/accelerator/network/vpc/Network-Inspection/id",
      "Type": "AWS::SSM::Parameter::Value<String>",
    },
    "SsmParameterValueacceleratornetworkvpcNetworkSecondaryidC96584B6F00A464EAD1953AFF4B05118Parameter": {
      "Default": "/accelerator/network/vpc/Network-Secondary/id",
      "Type": "AWS::SSM::Parameter::Value<String>",
    },
  },
  "Resources": {
    "AcceleratorOutboundResolverRuleExampleRule8B329125": {
      "Properties": {
        "DomainName": "example.com",
        "Name": "example-rule",
        "ResolverEndpointId": {
          "Ref": "SsmParameterValueacceleratornetworkroute53ResolverendpointsacceleratoroutboundidC96584B6F00A464EAD1953AFF4B05118Parameter",
        },
        "RuleType": "FORWARD",
        "Tags": [
          {
            "Key": "Name",
            "Value": "example-rule",
          },
        ],
        "TargetIps": [
          {
            "Ip": "1.1.1.1",
            "Port": "5353",
          },
          {
            "Ip": "2.2.2.2",
          },
        ],
      },
      "Type": "AWS::Route53Resolver::ResolverRule",
    },
    "AcceleratorOutboundResolverRuleInboundTargetRule35E9CFD7": {
      "Properties": {
        "DomainName": "aws.internal.domain",
        "Name": "inbound-target-rule",
        "ResolverEndpointId": {
          "Ref": "SsmParameterValueacceleratornetworkroute53ResolverendpointsacceleratoroutboundidC96584B6F00A464EAD1953AFF4B05118Parameter",
        },
        "RuleType": "FORWARD",
        "Tags": [
          {
            "Key": "Name",
            "Value": "inbound-target-rule",
          },
        ],
        "TargetIps": {
          "Fn::GetAtt": [
            "AcceleratorOutboundResolverRuleInboundTargetRuleLookupInbound44F7FDD0",
            "ipAddresses",
          ],
        },
      },
      "Type": "AWS::Route53Resolver::ResolverRule",
    },
    "AcceleratorOutboundResolverRuleInboundTargetRuleLookupInbound44F7FDD0": {
      "DeletionPolicy": "Delete",
      "DependsOn": [
        "CustomResolverEndpointAddressesCustomResourceProviderLogGroup70A41B6B",
      ],
      "Properties": {
        "ServiceToken": {
          "Fn::GetAtt": [
            "CustomResolverEndpointAddressesCustomResourceProviderHandler09D4123E",
            "Arn",
          ],
        },
        "endpointId": {
          "Ref": "SsmParameterValueacceleratornetworkroute53ResolverendpointsacceleratorinboundidC96584B6F00A464EAD1953AFF4B05118Parameter",
        },
        "region": "us-east-1",
      },
      "Type": "Custom::ResolverEndpointAddresses",
      "UpdateReplacePolicy": "Delete",
    },
    "CustomResolverEndpointAddressesCustomResourceProviderHandler09D4123E": {
      "DependsOn": [
        "CustomResolverEndpointAddressesCustomResourceProviderRoleA94B4F27",
      ],
      "Properties": {
        "Code": {
          "S3Bucket": "cdk-hnb659fds-assets-555555555555-us-east-1",
          "S3Key": "REPLACED-GENERATED-NAME.zip",
        },
        "Handler": "__entrypoint__.handler",
        "MemorySize": 128,
        "Role": {
          "Fn::GetAtt": [
            "CustomResolverEndpointAddressesCustomResourceProviderRoleA94B4F27",
            "Arn",
          ],
        },
        "Runtime": "nodejs16.x",
        "Timeout": 900,
      },
      "Type": "AWS::Lambda::Function",
    },
    "CustomResolverEndpointAddressesCustomResourceProviderLogGroup70A41B6B": {
      "DeletionPolicy": "Delete",
      "Properties": {
        "KmsKeyId": {
          "Ref": "SsmParameterValueacceleratorkmscloudwatchkeyarnC96584B6F00A464EAD1953AFF4B05118Parameter",
        },
        "LogGroupName": {
          "Fn::Join": [
            "",
            [
              "/aws/lambda/",
              {
                "Ref": "CustomResolverEndpointAddressesCustomResourceProviderHandler09D4123E",
              },
            ],
          ],
        },
        "RetentionInDays": 3653,
      },
      "Type": "AWS::Logs::LogGroup",
      "UpdateReplacePolicy": "Delete",
    },
    "CustomResolverEndpointAddressesCustomResourceProviderRoleA94B4F27": {
      "Properties": {
        "AssumeRolePolicyDocument": {
          "Statement": [
            {
              "Action": "sts:AssumeRole",
              "Effect": "Allow",
              "Principal": {
                "Service": "lambda.amazonaws.com",
              },
            },
          ],
          "Version": "2012-10-17",
        },
        "ManagedPolicyArns": [
          {
            "Fn::Sub": "arn:\${AWS::Partition}:iam::aws:policy/service-role/AWSLambdaBasicExecutionRole",
          },
        ],
        "Policies": [
          {
            "PolicyDocument": {
              "Statement": [
                {
                  "Action": [
                    "route53resolver:ListResolverEndpointIpAddresses",
                  ],
                  "Effect": "Allow",
                  "Resource": "*",
                },
              ],
              "Version": "2012-10-17",
            },
            "PolicyName": "Inline",
          },
        ],
      },
      "Type": "AWS::IAM::Role",
    },
    "ExampleRuleResolverRuleResourceShare18E76E24": {
      "Properties": {
        "Name": "example-rule_ResolverRule",
        "Principals": [
          "arn:aws:organizations::111111111111:ou/o-asdf123456/ou-asdf-22222222",
        ],
        "ResourceArns": [
          {
            "Fn::GetAtt": [
              "AcceleratorOutboundResolverRuleExampleRule8B329125",
              "Arn",
            ],
          },
        ],
      },
      "Type": "AWS::RAM::ResourceShare",
    },
    "NetworkEndpointsVpcEc2EpHostedZone3457AFDE": {
      "Properties": {
        "Name": "ec2.us-east-1.amazonaws.com",
        "VPCs": [
          {
            "VPCId": {
              "Ref": "SsmParameterValueacceleratornetworkvpcNetworkEndpointsidC96584B6F00A464EAD1953AFF4B05118Parameter",
            },
            "VPCRegion": "us-east-1",
          },
        ],
      },
      "Type": "AWS::Route53::HostedZone",
    },
    "NetworkEndpointsVpcEc2EpRecordSetB8C5464A": {
      "Properties": {
        "AliasTarget": {
          "DNSName": {
            "Ref": "SsmParameterValueacceleratornetworkvpcNetworkEndpointsendpointsec2dnsC96584B6F00A464EAD1953AFF4B05118Parameter",
          },
          "HostedZoneId": {
            "Ref": "SsmParameterValueacceleratornetworkvpcNetworkEndpointsendpointsec2hostedZoneIdC96584B6F00A464EAD1953AFF4B05118Parameter",
          },
        },
        "HostedZoneId": {
          "Ref": "NetworkEndpointsVpcEc2EpHostedZone3457AFDE",
        },
        "Name": "ec2.us-east-1.amazonaws.com",
        "Type": "A",
      },
      "Type": "AWS::Route53::RecordSet",
    },
    "NetworkEndpointsVpcEc2messagesEpHostedZoneD74E6E18": {
      "Properties": {
        "Name": "ec2messages.us-east-1.amazonaws.com",
        "VPCs": [
          {
            "VPCId": {
              "Ref": "SsmParameterValueacceleratornetworkvpcNetworkEndpointsidC96584B6F00A464EAD1953AFF4B05118Parameter",
            },
            "VPCRegion": "us-east-1",
          },
        ],
      },
      "Type": "AWS::Route53::HostedZone",
    },
    "NetworkEndpointsVpcEc2messagesEpRecordSet605BEA6A": {
      "Properties": {
        "AliasTarget": {
          "DNSName": {
            "Ref": "SsmParameterValueacceleratornetworkvpcNetworkEndpointsendpointsec2messagesdnsC96584B6F00A464EAD1953AFF4B05118Parameter",
          },
          "HostedZoneId": {
            "Ref": "SsmParameterValueacceleratornetworkvpcNetworkEndpointsendpointsec2messageshostedZoneIdC96584B6F00A464EAD1953AFF4B05118Parameter",
          },
        },
        "HostedZoneId": {
          "Ref": "NetworkEndpointsVpcEc2messagesEpHostedZoneD74E6E18",
        },
        "Name": "ec2messages.us-east-1.amazonaws.com",
        "Type": "A",
      },
      "Type": "AWS::Route53::RecordSet",
    },
    "NetworkEndpointsVpcKmsEpHostedZoneC9CFEF9D": {
      "Properties": {
        "Name": "kms.us-east-1.amazonaws.com",
        "VPCs": [
          {
            "VPCId": {
              "Ref": "SsmParameterValueacceleratornetworkvpcNetworkEndpointsidC96584B6F00A464EAD1953AFF4B05118Parameter",
            },
            "VPCRegion": "us-east-1",
          },
        ],
      },
      "Type": "AWS::Route53::HostedZone",
    },
    "NetworkEndpointsVpcKmsEpRecordSet5C869506": {
      "Properties": {
        "AliasTarget": {
          "DNSName": {
            "Ref": "SsmParameterValueacceleratornetworkvpcNetworkEndpointsendpointskmsdnsC96584B6F00A464EAD1953AFF4B05118Parameter",
          },
          "HostedZoneId": {
            "Ref": "SsmParameterValueacceleratornetworkvpcNetworkEndpointsendpointskmshostedZoneIdC96584B6F00A464EAD1953AFF4B05118Parameter",
          },
        },
        "HostedZoneId": {
          "Ref": "NetworkEndpointsVpcKmsEpHostedZoneC9CFEF9D",
        },
        "Name": "kms.us-east-1.amazonaws.com",
        "Type": "A",
      },
      "Type": "AWS::Route53::RecordSet",
    },
    "NetworkEndpointsVpcLogsEpHostedZoneDBA51FD8": {
      "Properties": {
        "Name": "logs.us-east-1.amazonaws.com",
        "VPCs": [
          {
            "VPCId": {
              "Ref": "SsmParameterValueacceleratornetworkvpcNetworkEndpointsidC96584B6F00A464EAD1953AFF4B05118Parameter",
            },
            "VPCRegion": "us-east-1",
          },
        ],
      },
      "Type": "AWS::Route53::HostedZone",
    },
    "NetworkEndpointsVpcLogsEpRecordSet0B536BC1": {
      "Properties": {
        "AliasTarget": {
          "DNSName": {
            "Ref": "SsmParameterValueacceleratornetworkvpcNetworkEndpointsendpointslogsdnsC96584B6F00A464EAD1953AFF4B05118Parameter",
          },
          "HostedZoneId": {
            "Ref": "SsmParameterValueacceleratornetworkvpcNetworkEndpointsendpointslogshostedZoneIdC96584B6F00A464EAD1953AFF4B05118Parameter",
          },
        },
        "HostedZoneId": {
          "Ref": "NetworkEndpointsVpcLogsEpHostedZoneDBA51FD8",
        },
        "Name": "logs.us-east-1.amazonaws.com",
        "Type": "A",
      },
      "Type": "AWS::Route53::RecordSet",
    },
    "NetworkEndpointsVpcS3EpHostedZoneD27476BE": {
      "Properties": {
        "Name": "s3.us-east-1.amazonaws.com",
        "VPCs": [
          {
            "VPCId": {
              "Ref": "SsmParameterValueacceleratornetworkvpcNetworkEndpointsidC96584B6F00A464EAD1953AFF4B05118Parameter",
            },
            "VPCRegion": "us-east-1",
          },
        ],
      },
      "Type": "AWS::Route53::HostedZone",
    },
    "NetworkEndpointsVpcS3EpRecordSet90C07F24": {
      "Properties": {
        "AliasTarget": {
          "DNSName": {
            "Ref": "SsmParameterValueacceleratornetworkvpcNetworkEndpointsendpointss3dnsC96584B6F00A464EAD1953AFF4B05118Parameter",
          },
          "HostedZoneId": {
            "Ref": "SsmParameterValueacceleratornetworkvpcNetworkEndpointsendpointss3hostedZoneIdC96584B6F00A464EAD1953AFF4B05118Parameter",
          },
        },
        "HostedZoneId": {
          "Ref": "NetworkEndpointsVpcS3EpHostedZoneD27476BE",
        },
        "Name": "*.s3.us-east-1.amazonaws.com",
        "Type": "A",
      },
      "Type": "AWS::Route53::RecordSet",
    },
    "NetworkEndpointsVpcS3EpRecordSetNonWildcard7EEE9166": {
      "Properties": {
        "AliasTarget": {
          "DNSName": {
            "Ref": "SsmParameterValueacceleratornetworkvpcNetworkEndpointsendpointss3dnsC96584B6F00A464EAD1953AFF4B05118Parameter",
          },
          "HostedZoneId": {
            "Ref": "SsmParameterValueacceleratornetworkvpcNetworkEndpointsendpointss3hostedZoneIdC96584B6F00A464EAD1953AFF4B05118Parameter",
          },
        },
        "HostedZoneId": {
          "Ref": "NetworkEndpointsVpcS3EpHostedZoneD27476BE",
        },
        "Name": "s3.us-east-1.amazonaws.com",
        "Type": "A",
      },
      "Type": "AWS::Route53::RecordSet",
    },
    "NetworkEndpointsVpcSsmEpHostedZoneE400276D": {
      "Properties": {
        "Name": "ssm.us-east-1.amazonaws.com",
        "VPCs": [
          {
            "VPCId": {
              "Ref": "SsmParameterValueacceleratornetworkvpcNetworkEndpointsidC96584B6F00A464EAD1953AFF4B05118Parameter",
            },
            "VPCRegion": "us-east-1",
          },
        ],
      },
      "Type": "AWS::Route53::HostedZone",
    },
    "NetworkEndpointsVpcSsmEpRecordSetE72544F4": {
      "Properties": {
        "AliasTarget": {
          "DNSName": {
            "Ref": "SsmParameterValueacceleratornetworkvpcNetworkEndpointsendpointsssmdnsC96584B6F00A464EAD1953AFF4B05118Parameter",
          },
          "HostedZoneId": {
            "Ref": "SsmParameterValueacceleratornetworkvpcNetworkEndpointsendpointsssmhostedZoneIdC96584B6F00A464EAD1953AFF4B05118Parameter",
          },
        },
        "HostedZoneId": {
          "Ref": "NetworkEndpointsVpcSsmEpHostedZoneE400276D",
        },
        "Name": "ssm.us-east-1.amazonaws.com",
        "Type": "A",
      },
      "Type": "AWS::Route53::RecordSet",
    },
    "NetworkEndpointsVpcSsmmessagesEpHostedZone19BD15F2": {
      "Properties": {
        "Name": "ssmmessages.us-east-1.amazonaws.com",
        "VPCs": [
          {
            "VPCId": {
              "Ref": "SsmParameterValueacceleratornetworkvpcNetworkEndpointsidC96584B6F00A464EAD1953AFF4B05118Parameter",
            },
            "VPCRegion": "us-east-1",
          },
        ],
      },
      "Type": "AWS::Route53::HostedZone",
    },
    "NetworkEndpointsVpcSsmmessagesEpRecordSet491A807C": {
      "Properties": {
        "AliasTarget": {
          "DNSName": {
            "Ref": "SsmParameterValueacceleratornetworkvpcNetworkEndpointsendpointsssmmessagesdnsC96584B6F00A464EAD1953AFF4B05118Parameter",
          },
          "HostedZoneId": {
            "Ref": "SsmParameterValueacceleratornetworkvpcNetworkEndpointsendpointsssmmessageshostedZoneIdC96584B6F00A464EAD1953AFF4B05118Parameter",
          },
        },
        "HostedZoneId": {
          "Ref": "NetworkEndpointsVpcSsmmessagesEpHostedZone19BD15F2",
        },
        "Name": "ssmmessages.us-east-1.amazonaws.com",
        "Type": "A",
      },
      "Type": "AWS::Route53::RecordSet",
    },
    "SsmParamAcceleratorVersionFF83282D": {
      "Properties": {
        "Name": "/accelerator/AWSAccelerator-NetworkVpcDnsStack-555555555555-us-east-1/version",
        "Type": "String",
        "Value": "1.4.1",
      },
      "Type": "AWS::SSM::Parameter",
    },
    "SsmParamNetworkEndpointsVpcEc2EpHostedZone303E2193": {
      "Properties": {
        "Name": "/accelerator/network/vpc/Network-Endpoints/route53/hostedZone/ec2/id",
        "Type": "String",
        "Value": {
          "Ref": "NetworkEndpointsVpcEc2EpHostedZone3457AFDE",
        },
      },
      "Type": "AWS::SSM::Parameter",
    },
    "SsmParamNetworkEndpointsVpcEc2messagesEpHostedZoneFD9B43A2": {
      "Properties": {
        "Name": "/accelerator/network/vpc/Network-Endpoints/route53/hostedZone/ec2messages/id",
        "Type": "String",
        "Value": {
          "Ref": "NetworkEndpointsVpcEc2messagesEpHostedZoneD74E6E18",
        },
      },
      "Type": "AWS::SSM::Parameter",
    },
    "SsmParamNetworkEndpointsVpcKmsEpHostedZoneFA42C849": {
      "Properties": {
        "Name": "/accelerator/network/vpc/Network-Endpoints/route53/hostedZone/kms/id",
        "Type": "String",
        "Value": {
          "Ref": "NetworkEndpointsVpcKmsEpHostedZoneC9CFEF9D",
        },
      },
      "Type": "AWS::SSM::Parameter",
    },
    "SsmParamNetworkEndpointsVpcLogsEpHostedZoneCE810EE0": {
      "DependsOn": [
        "SsmParamNetworkEndpointsVpcKmsEpHostedZoneFA42C849",
      ],
      "Properties": {
        "Name": "/accelerator/network/vpc/Network-Endpoints/route53/hostedZone/logs/id",
        "Type": "String",
        "Value": {
          "Ref": "NetworkEndpointsVpcLogsEpHostedZoneDBA51FD8",
        },
      },
      "Type": "AWS::SSM::Parameter",
    },
    "SsmParamNetworkEndpointsVpcS3EpHostedZone2453DC2C": {
      "DependsOn": [
        "SsmParamNetworkEndpointsVpcKmsEpHostedZoneFA42C849",
      ],
      "Properties": {
        "Name": "/accelerator/network/vpc/Network-Endpoints/route53/hostedZone/s3/id",
        "Type": "String",
        "Value": {
          "Ref": "NetworkEndpointsVpcS3EpHostedZoneD27476BE",
        },
      },
      "Type": "AWS::SSM::Parameter",
    },
    "SsmParamNetworkEndpointsVpcSsmEpHostedZone52E166EC": {
      "Properties": {
        "Name": "/accelerator/network/vpc/Network-Endpoints/route53/hostedZone/ssm/id",
        "Type": "String",
        "Value": {
          "Ref": "NetworkEndpointsVpcSsmEpHostedZoneE400276D",
        },
      },
      "Type": "AWS::SSM::Parameter",
    },
    "SsmParamNetworkEndpointsVpcSsmmessagesEpHostedZoneE3AF7882": {
      "Properties": {
        "Name": "/accelerator/network/vpc/Network-Endpoints/route53/hostedZone/ssmmessages/id",
        "Type": "String",
        "Value": {
          "Ref": "NetworkEndpointsVpcSsmmessagesEpHostedZone19BD15F2",
        },
      },
      "Type": "AWS::SSM::Parameter",
    },
    "SsmParamStackId521A78D3": {
      "Properties": {
        "Name": "/accelerator/AWSAccelerator-NetworkVpcDnsStack-555555555555-us-east-1/stack-id",
        "Type": "String",
        "Value": {
          "Ref": "AWS::StackId",
        },
      },
      "Type": "AWS::SSM::Parameter",
    },
    "SsmParamexampleRuleResolverRuleE76DD02F": {
      "DependsOn": [
        "SsmParamNetworkEndpointsVpcKmsEpHostedZoneFA42C849",
      ],
      "Properties": {
        "Name": "/accelerator/network/route53Resolver/rules/example-rule/id",
        "Type": "String",
        "Value": {
          "Fn::GetAtt": [
            "AcceleratorOutboundResolverRuleExampleRule8B329125",
            "ResolverRuleId",
          ],
        },
      },
      "Type": "AWS::SSM::Parameter",
    },
    "SsmParaminboundTargetRuleResolverRule19318804": {
      "DependsOn": [
        "SsmParamNetworkEndpointsVpcKmsEpHostedZoneFA42C849",
      ],
      "Properties": {
        "Name": "/accelerator/network/route53Resolver/rules/inbound-target-rule/id",
        "Type": "String",
        "Value": {
          "Fn::GetAtt": [
            "AcceleratorOutboundResolverRuleInboundTargetRule35E9CFD7",
            "ResolverRuleId",
          ],
        },
      },
      "Type": "AWS::SSM::Parameter",
    },
  },
}
`;
