// Jest Snapshot v1, https://goo.gl/fbAQLP

exports[`CloudWatchLogsSubscriptionFilter Construct(CloudWatchLogsSubscriptionFilter):  Snapshot Test 1`] = `
{
  "Resources": {
    "CloudWatchLogsSubscriptionFilter90533F2E": {
      "DeletionPolicy": "Delete",
      "DependsOn": [
        "CustomUpdateSubscriptionFilterCustomResourceProviderLogGroup0738E05B",
      ],
      "Properties": {
        "LogDestination": "LogRetentionArn",
        "LogKmsKeyArn": {
          "Fn::GetAtt": [
            "CustomKey1E6D0D07",
            "Arn",
          ],
        },
        "LogRetention": "731",
        "LogSubscriptionRole": "testString",
        "ServiceToken": {
          "Fn::GetAtt": [
            "CustomUpdateSubscriptionFilterCustomResourceProviderHandler1BAA7608",
            "Arn",
          ],
        },
      },
      "Type": "Custom::UpdateSubscriptionFilter",
      "UpdateReplacePolicy": "Delete",
    },
    "CustomKey1E6D0D07": {
      "DeletionPolicy": "Retain",
      "Properties": {
        "KeyPolicy": {
          "Statement": [
            {
              "Action": "kms:*",
              "Effect": "Allow",
              "Principal": {
                "AWS": {
                  "Fn::Join": [
                    "",
                    [
                      "arn:",
                      {
                        "Ref": "AWS::Partition",
                      },
                      ":iam::",
                      {
                        "Ref": "AWS::AccountId",
                      },
                      ":root",
                    ],
                  ],
                },
              },
              "Resource": "*",
            },
          ],
          "Version": "2012-10-17",
        },
      },
      "Type": "AWS::KMS::Key",
      "UpdateReplacePolicy": "Retain",
    },
    "CustomUpdateSubscriptionFilterCustomResourceProviderHandler1BAA7608": {
      "DependsOn": [
        "CustomUpdateSubscriptionFilterCustomResourceProviderRole81A1751E",
      ],
      "Properties": {
        "Code": {
          "S3Bucket": {
            "Fn::Sub": "cdk-hnb659fds-assets-\${AWS::AccountId}-\${AWS::Region}",
          },
          "S3Key": "REPLACED-GENERATED-NAME.zip",
        },
        "Handler": "__entrypoint__.handler",
        "MemorySize": 128,
        "Role": {
          "Fn::GetAtt": [
            "CustomUpdateSubscriptionFilterCustomResourceProviderRole81A1751E",
            "Arn",
          ],
        },
        "Runtime": "nodejs16.x",
        "Timeout": 900,
      },
      "Type": "AWS::Lambda::Function",
    },
    "CustomUpdateSubscriptionFilterCustomResourceProviderLogGroup0738E05B": {
      "DeletionPolicy": "Delete",
      "Properties": {
        "KmsKeyId": {
          "Fn::GetAtt": [
            "CustomKey1E6D0D07",
            "Arn",
          ],
        },
        "LogGroupName": {
          "Fn::Join": [
            "",
            [
              "/aws/lambda/",
              {
                "Ref": "CustomUpdateSubscriptionFilterCustomResourceProviderHandler1BAA7608",
              },
            ],
          ],
        },
        "RetentionInDays": 731,
      },
      "Type": "AWS::Logs::LogGroup",
      "UpdateReplacePolicy": "Delete",
    },
    "CustomUpdateSubscriptionFilterCustomResourceProviderRole81A1751E": {
      "Properties": {
        "AssumeRolePolicyDocument": {
          "Statement": [
            {
              "Action": "sts:AssumeRole",
              "Effect": "Allow",
              "Principal": {
                "Service": "lambda.amazonaws.com",
              },
            },
          ],
          "Version": "2012-10-17",
        },
        "ManagedPolicyArns": [
          {
            "Fn::Sub": "arn:\${AWS::Partition}:iam::aws:policy/service-role/AWSLambdaBasicExecutionRole",
          },
        ],
        "Policies": [
          {
            "PolicyDocument": {
              "Statement": [
                {
                  "Action": [
                    "logs:PutRetentionPolicy",
                    "logs:AssociateKmsKey",
                    "logs:DescribeLogGroups",
                    "logs:DescribeSubscriptionFilters",
                  ],
                  "Effect": "Allow",
                  "Resource": [
                    {
                      "Fn::Join": [
                        "",
                        [
                          "arn:",
                          {
                            "Ref": "AWS::Partition",
                          },
                          ":logs:",
                          {
                            "Ref": "AWS::Region",
                          },
                          ":",
                          {
                            "Ref": "AWS::AccountId",
                          },
                          ":log-group:*",
                        ],
                      ],
                    },
                  ],
                },
                {
                  "Action": [
                    "logs:PutSubscriptionFilter",
                    "logs:DeleteSubscriptionFilter",
                  ],
                  "Effect": "Allow",
                  "Resource": [
                    {
                      "Fn::Join": [
                        "",
                        [
                          "arn:",
                          {
                            "Ref": "AWS::Partition",
                          },
                          ":logs:",
                          {
                            "Ref": "AWS::Region",
                          },
                          ":",
                          {
                            "Ref": "AWS::AccountId",
                          },
                          ":log-group:*",
                        ],
                      ],
                    },
                    {
                      "Fn::Join": [
                        "",
                        [
                          "arn:",
                          {
                            "Ref": "AWS::Partition",
                          },
                          ":logs:",
                          {
                            "Ref": "AWS::Region",
                          },
                          ":some-acc-id:destination:*",
                        ],
                      ],
                    },
                  ],
                },
              ],
              "Version": "2012-10-17",
            },
            "PolicyName": "Inline",
          },
        ],
      },
      "Type": "AWS::IAM::Role",
    },
  },
}
`;
