// Jest Snapshot v1, https://goo.gl/fbAQLP

exports[`IdentityCenterGetInstanceId Construct(IdentityCenterGetInstanceId):  Snapshot Test 1`] = `
{
  "Resources": {
    "IdentityCenterGetInstanceIdIdentityCenterGetInstanceIdProviderLambda41F58588": {
      "DependsOn": [
        "IdentityCenterGetInstanceIdIdentityCenterGetInstanceIdProviderLambdaServiceRoleDefaultPolicy193BE020",
        "IdentityCenterGetInstanceIdIdentityCenterGetInstanceIdProviderLambdaServiceRole83791032",
      ],
      "Properties": {
        "Code": {
          "S3Bucket": {
            "Fn::Sub": "cdk-hnb659fds-assets-\${AWS::AccountId}-\${AWS::Region}",
          },
          "S3Key": "REPLACED-GENERATED-NAME.zip",
        },
        "Handler": "index.handler",
        "Role": {
          "Fn::GetAtt": [
            "IdentityCenterGetInstanceIdIdentityCenterGetInstanceIdProviderLambdaServiceRole83791032",
            "Arn",
          ],
        },
        "Runtime": "nodejs16.x",
        "Timeout": 160,
      },
      "Type": "AWS::Lambda::Function",
    },
    "IdentityCenterGetInstanceIdIdentityCenterGetInstanceIdProviderLambdaServiceRole83791032": {
      "Metadata": {
        "cdk_nag": {
          "rules_to_suppress": [
            {
              "id": "AwsSolutions-IAM4",
              "reason": "AWS Custom resource provider framework-role created by cdk.",
            },
          ],
        },
      },
      "Properties": {
        "AssumeRolePolicyDocument": {
          "Statement": [
            {
              "Action": "sts:AssumeRole",
              "Effect": "Allow",
              "Principal": {
                "Service": "lambda.amazonaws.com",
              },
            },
          ],
          "Version": "2012-10-17",
        },
        "ManagedPolicyArns": [
          {
            "Fn::Join": [
              "",
              [
                "arn:",
                {
                  "Ref": "AWS::Partition",
                },
                ":iam::aws:policy/service-role/AWSLambdaBasicExecutionRole",
              ],
            ],
          },
        ],
      },
      "Type": "AWS::IAM::Role",
    },
    "IdentityCenterGetInstanceIdIdentityCenterGetInstanceIdProviderLambdaServiceRoleDefaultPolicy193BE020": {
      "Metadata": {
        "cdk_nag": {
          "rules_to_suppress": [
            {
              "id": "AwsSolutions-IAM5",
              "reason": "Allows only specific policy.",
            },
          ],
        },
      },
      "Properties": {
        "PolicyDocument": {
          "Statement": [
            {
              "Action": [
                "sso:ListInstances",
                "organizations:ListDelegatedAdministrators",
              ],
              "Effect": "Allow",
              "Resource": "*",
            },
          ],
          "Version": "2012-10-17",
        },
        "PolicyName": "IdentityCenterGetInstanceIdIdentityCenterGetInstanceIdProviderLambdaServiceRoleDefaultPolicy193BE020",
        "Roles": [
          {
            "Ref": "IdentityCenterGetInstanceIdIdentityCenterGetInstanceIdProviderLambdaServiceRole83791032",
          },
        ],
      },
      "Type": "AWS::IAM::Policy",
    },
    "IdentityCenterGetInstanceIdframeworkonEventEF239771": {
      "DependsOn": [
        "IdentityCenterGetInstanceIdframeworkonEventServiceRoleDefaultPolicy5D17C9B9",
        "IdentityCenterGetInstanceIdframeworkonEventServiceRole25C7587B",
      ],
      "Properties": {
        "Code": {
          "S3Bucket": {
            "Fn::Sub": "cdk-hnb659fds-assets-\${AWS::AccountId}-\${AWS::Region}",
          },
          "S3Key": "REPLACED-GENERATED-NAME.zip",
        },
        "Description": "AWS CDK resource provider framework - onEvent (Default/IdentityCenterGetInstanceId/Resource)",
        "Environment": {
          "Variables": {
            "USER_ON_EVENT_FUNCTION_ARN": {
              "Fn::GetAtt": [
                "IdentityCenterGetInstanceIdIdentityCenterGetInstanceIdProviderLambda41F58588",
                "Arn",
              ],
            },
          },
        },
        "Handler": "framework.onEvent",
        "Role": {
          "Fn::GetAtt": [
            "IdentityCenterGetInstanceIdframeworkonEventServiceRole25C7587B",
            "Arn",
          ],
        },
        "Runtime": "nodejs14.x",
        "Timeout": 900,
      },
      "Type": "AWS::Lambda::Function",
    },
    "IdentityCenterGetInstanceIdframeworkonEventServiceRole25C7587B": {
      "Metadata": {
        "cdk_nag": {
          "rules_to_suppress": [
            {
              "id": "AwsSolutions-IAM4",
              "reason": "AWS Custom resource provider framework-role created by cdk.",
            },
          ],
        },
      },
      "Properties": {
        "AssumeRolePolicyDocument": {
          "Statement": [
            {
              "Action": "sts:AssumeRole",
              "Effect": "Allow",
              "Principal": {
                "Service": "lambda.amazonaws.com",
              },
            },
          ],
          "Version": "2012-10-17",
        },
        "ManagedPolicyArns": [
          {
            "Fn::Join": [
              "",
              [
                "arn:",
                {
                  "Ref": "AWS::Partition",
                },
                ":iam::aws:policy/service-role/AWSLambdaBasicExecutionRole",
              ],
            ],
          },
        ],
      },
      "Type": "AWS::IAM::Role",
    },
    "IdentityCenterGetInstanceIdframeworkonEventServiceRoleDefaultPolicy5D17C9B9": {
      "Metadata": {
        "cdk_nag": {
          "rules_to_suppress": [
            {
              "id": "AwsSolutions-IAM5",
              "reason": "Allows only specific policy.",
            },
          ],
        },
      },
      "Properties": {
        "PolicyDocument": {
          "Statement": [
            {
              "Action": "lambda:InvokeFunction",
              "Effect": "Allow",
              "Resource": [
                {
                  "Fn::GetAtt": [
                    "IdentityCenterGetInstanceIdIdentityCenterGetInstanceIdProviderLambda41F58588",
                    "Arn",
                  ],
                },
                {
                  "Fn::Join": [
                    "",
                    [
                      {
                        "Fn::GetAtt": [
                          "IdentityCenterGetInstanceIdIdentityCenterGetInstanceIdProviderLambda41F58588",
                          "Arn",
                        ],
                      },
                      ":*",
                    ],
                  ],
                },
              ],
            },
          ],
          "Version": "2012-10-17",
        },
        "PolicyName": "IdentityCenterGetInstanceIdframeworkonEventServiceRoleDefaultPolicy5D17C9B9",
        "Roles": [
          {
            "Ref": "IdentityCenterGetInstanceIdframeworkonEventServiceRole25C7587B",
          },
        ],
      },
      "Type": "AWS::IAM::Policy",
    },
    "IdentityCenterGetInstanceIdgetIdentityCenter6DD43AEE": {
      "DeletionPolicy": "Delete",
      "Properties": {
        "ServiceToken": {
          "Fn::GetAtt": [
            "IdentityCenterGetInstanceIdframeworkonEventEF239771",
            "Arn",
          ],
        },
        "partition": {
          "Ref": "AWS::Partition",
        },
        "uuid": "REPLACED-UUID",
      },
      "Type": "AWS::CloudFormation::CustomResource",
      "UpdateReplacePolicy": "Delete",
    },
  },
}
`;
