// Jest Snapshot v1, https://goo.gl/fbAQLP

exports[`HostedZone Construct(HostedZone):  Snapshot Test 1`] = `
{
  "Resources": {
    "TestHostedZone68F306E4": {
      "Properties": {
        "Name": "s3-global.accesspoint.aws.com",
        "VPCs": [
          {
            "VPCId": "Test",
            "VPCRegion": {
              "Ref": "AWS::Region",
            },
          },
        ],
      },
      "Type": "AWS::Route53::HostedZone",
    },
  },
}
`;
