// Jest Snapshot v1, https://goo.gl/fbAQLP

exports[`Organization Construct(Organization):  Snapshot Test 1`] = `
{
  "Resources": {
    "CustomOrganizationsDescribeOrganizationCustomResourceProviderHandler4C6F49D1": {
      "DependsOn": [
        "CustomOrganizationsDescribeOrganizationCustomResourceProviderRole775854D5",
      ],
      "Properties": {
        "Code": {
          "S3Bucket": {
            "Fn::Sub": "cdk-hnb659fds-assets-\${AWS::AccountId}-\${AWS::Region}",
          },
          "S3Key": "REPLACED-GENERATED-NAME.zip",
        },
        "Handler": "__entrypoint__.handler",
        "MemorySize": 128,
        "Role": {
          "Fn::GetAtt": [
            "CustomOrganizationsDescribeOrganizationCustomResourceProviderRole775854D5",
            "Arn",
          ],
        },
        "Runtime": "nodejs16.x",
        "Timeout": 900,
      },
      "Type": "AWS::Lambda::Function",
    },
    "CustomOrganizationsDescribeOrganizationCustomResourceProviderRole775854D5": {
      "Properties": {
        "AssumeRolePolicyDocument": {
          "Statement": [
            {
              "Action": "sts:AssumeRole",
              "Effect": "Allow",
              "Principal": {
                "Service": "lambda.amazonaws.com",
              },
            },
          ],
          "Version": "2012-10-17",
        },
        "ManagedPolicyArns": [
          {
            "Fn::Sub": "arn:\${AWS::Partition}:iam::aws:policy/service-role/AWSLambdaBasicExecutionRole",
          },
        ],
        "Policies": [
          {
            "PolicyDocument": {
              "Statement": [
                {
                  "Action": [
                    "organizations:DescribeOrganization",
                  ],
                  "Effect": "Allow",
                  "Resource": "*",
                },
              ],
              "Version": "2012-10-17",
            },
            "PolicyName": "Inline",
          },
        ],
      },
      "Type": "AWS::IAM::Role",
    },
    "Organization29A5FC3F": {
      "DeletionPolicy": "Delete",
      "Properties": {
        "ServiceToken": {
          "Fn::GetAtt": [
            "CustomOrganizationsDescribeOrganizationCustomResourceProviderHandler4C6F49D1",
            "Arn",
          ],
        },
        "partition": {
          "Ref": "AWS::Partition",
        },
      },
      "Type": "Custom::DescribeOrganization",
      "UpdateReplacePolicy": "Delete",
    },
  },
}
`;
