// Jest Snapshot v1, https://goo.gl/fbAQLP

exports[`NewCloudWatchLogEvent Construct(NewCloudWatchLogEvent):  Snapshot Test 1`] = `
{
  "Resources": {
    "CustomKey1E6D0D07": {
      "DeletionPolicy": "Retain",
      "Properties": {
        "KeyPolicy": {
          "Statement": [
            {
              "Action": "kms:*",
              "Effect": "Allow",
              "Principal": {
                "AWS": {
                  "Fn::Join": [
                    "",
                    [
                      "arn:",
                      {
                        "Ref": "AWS::Partition",
                      },
                      ":iam::",
                      {
                        "Ref": "AWS::AccountId",
                      },
                      ":root",
                    ],
                  ],
                },
              },
              "Resource": "*",
            },
          ],
          "Version": "2012-10-17",
        },
      },
      "Type": "AWS::KMS::Key",
      "UpdateReplacePolicy": "Retain",
    },
    "CustomLambdaKey2287F5A9": {
      "DeletionPolicy": "Retain",
      "Properties": {
        "KeyPolicy": {
          "Statement": [
            {
              "Action": "kms:*",
              "Effect": "Allow",
              "Principal": {
                "AWS": {
                  "Fn::Join": [
                    "",
                    [
                      "arn:",
                      {
                        "Ref": "AWS::Partition",
                      },
                      ":iam::",
                      {
                        "Ref": "AWS::AccountId",
                      },
                      ":root",
                    ],
                  ],
                },
              },
              "Resource": "*",
            },
          ],
          "Version": "2012-10-17",
        },
      },
      "Type": "AWS::KMS::Key",
      "UpdateReplacePolicy": "Retain",
    },
    "NewCloudWatchLogEventNewLogGroupCreatedRuleAllowEventRuleNewCloudWatchLogEventSetLogRetentionSubscriptionFunctionDC0DB4146E3585DE": {
      "Properties": {
        "Action": "lambda:InvokeFunction",
        "FunctionName": {
          "Fn::GetAtt": [
            "NewCloudWatchLogEventSetLogRetentionSubscriptionFunction0F748D41",
            "Arn",
          ],
        },
        "Principal": "events.amazonaws.com",
        "SourceArn": {
          "Fn::GetAtt": [
            "NewCloudWatchLogEventNewLogGroupCreatedRuleB25856AE",
            "Arn",
          ],
        },
      },
      "Type": "AWS::Lambda::Permission",
    },
    "NewCloudWatchLogEventNewLogGroupCreatedRuleB25856AE": {
      "Properties": {
        "EventPattern": {
          "detail": {
            "eventName": [
              "CreateLogGroup",
            ],
            "eventSource": [
              "logs.amazonaws.com",
            ],
          },
          "detail-type": [
            "AWS API Call via CloudTrail",
          ],
          "source": [
            "aws.logs",
          ],
        },
        "State": "ENABLED",
        "Targets": [
          {
            "Arn": {
              "Fn::GetAtt": [
                "NewCloudWatchLogEventSetLogRetentionSubscriptionFunction0F748D41",
                "Arn",
              ],
            },
            "Id": "Target0",
            "RetryPolicy": {
              "MaximumRetryAttempts": 5,
            },
          },
        ],
      },
      "Type": "AWS::Events::Rule",
    },
    "NewCloudWatchLogEventSetLogRetentionSubscriptionFunction0F748D41": {
      "DependsOn": [
        "NewCloudWatchLogEventSetLogRetentionSubscriptionFunctionServiceRoleDefaultPolicy99B4E143",
        "NewCloudWatchLogEventSetLogRetentionSubscriptionFunctionServiceRole3A975055",
      ],
      "Properties": {
        "Code": {
          "S3Bucket": {
            "Fn::Sub": "cdk-hnb659fds-assets-\${AWS::AccountId}-\${AWS::Region}",
          },
          "S3Key": "REPLACED-GENERATED-NAME.zip",
        },
        "Environment": {
          "Variables": {
            "LogDestination": "LogRetentionArn",
            "LogKmsKeyArn": {
              "Fn::GetAtt": [
                "CustomKey1E6D0D07",
                "Arn",
              ],
            },
            "LogRetention": "731",
            "LogSubscriptionRole": "testString",
          },
        },
        "Handler": "index.handler",
        "KmsKeyArn": {
          "Fn::GetAtt": [
            "CustomLambdaKey2287F5A9",
            "Arn",
          ],
        },
        "Role": {
          "Fn::GetAtt": [
            "NewCloudWatchLogEventSetLogRetentionSubscriptionFunctionServiceRole3A975055",
            "Arn",
          ],
        },
        "Runtime": "nodejs16.x",
        "Timeout": 900,
      },
      "Type": "AWS::Lambda::Function",
    },
    "NewCloudWatchLogEventSetLogRetentionSubscriptionFunctionServiceRole3A975055": {
      "Properties": {
        "AssumeRolePolicyDocument": {
          "Statement": [
            {
              "Action": "sts:AssumeRole",
              "Effect": "Allow",
              "Principal": {
                "Service": "lambda.amazonaws.com",
              },
            },
          ],
          "Version": "2012-10-17",
        },
        "ManagedPolicyArns": [
          {
            "Fn::Join": [
              "",
              [
                "arn:",
                {
                  "Ref": "AWS::Partition",
                },
                ":iam::aws:policy/service-role/AWSLambdaBasicExecutionRole",
              ],
            ],
          },
        ],
      },
      "Type": "AWS::IAM::Role",
    },
    "NewCloudWatchLogEventSetLogRetentionSubscriptionFunctionServiceRoleDefaultPolicy99B4E143": {
      "Properties": {
        "PolicyDocument": {
          "Statement": [
            {
              "Action": [
                "logs:PutRetentionPolicy",
                "logs:AssociateKmsKey",
                "logs:DescribeLogGroups",
                "logs:DescribeSubscriptionFilters",
              ],
              "Effect": "Allow",
              "Resource": {
                "Fn::Join": [
                  "",
                  [
                    "arn:",
                    {
                      "Ref": "AWS::Partition",
                    },
                    ":logs:",
                    {
                      "Ref": "AWS::Region",
                    },
                    ":",
                    {
                      "Ref": "AWS::AccountId",
                    },
                    ":log-group:*",
                  ],
                ],
              },
            },
            {
              "Action": [
                "logs:PutSubscriptionFilter",
                "logs:DeleteSubscriptionFilter",
              ],
              "Effect": "Allow",
              "Resource": [
                {
                  "Fn::Join": [
                    "",
                    [
                      "arn:",
                      {
                        "Ref": "AWS::Partition",
                      },
                      ":logs:",
                      {
                        "Ref": "AWS::Region",
                      },
                      ":",
                      {
                        "Ref": "AWS::AccountId",
                      },
                      ":log-group:*",
                    ],
                  ],
                },
                {
                  "Fn::Join": [
                    "",
                    [
                      "arn:",
                      {
                        "Ref": "AWS::Partition",
                      },
                      ":logs:",
                      {
                        "Ref": "AWS::Region",
                      },
                      ":some-account-id:destination:*",
                    ],
                  ],
                },
              ],
            },
          ],
          "Version": "2012-10-17",
        },
        "PolicyName": "NewCloudWatchLogEventSetLogRetentionSubscriptionFunctionServiceRoleDefaultPolicy99B4E143",
        "Roles": [
          {
            "Ref": "NewCloudWatchLogEventSetLogRetentionSubscriptionFunctionServiceRole3A975055",
          },
        ],
      },
      "Type": "AWS::IAM::Policy",
    },
  },
}
`;
