// Jest Snapshot v1, https://goo.gl/fbAQLP

exports[`RevertScpChanges Construct(RevertScpChanges):  Snapshot Test 1`] = `
{
  "Resources": {
    "CustomCloudWatchKey720588E1": {
      "DeletionPolicy": "Retain",
      "Properties": {
        "KeyPolicy": {
          "Statement": [
            {
              "Action": "kms:*",
              "Effect": "Allow",
              "Principal": {
                "AWS": {
                  "Fn::Join": [
                    "",
                    [
                      "arn:",
                      {
                        "Ref": "AWS::Partition",
                      },
                      ":iam::",
                      {
                        "Ref": "AWS::AccountId",
                      },
                      ":root",
                    ],
                  ],
                },
              },
              "Resource": "*",
            },
          ],
          "Version": "2012-10-17",
        },
      },
      "Type": "AWS::KMS::Key",
      "UpdateReplacePolicy": "Retain",
    },
    "CustomLambdaKey2287F5A9": {
      "DeletionPolicy": "Retain",
      "Properties": {
        "KeyPolicy": {
          "Statement": [
            {
              "Action": "kms:*",
              "Effect": "Allow",
              "Principal": {
                "AWS": {
                  "Fn::Join": [
                    "",
                    [
                      "arn:",
                      {
                        "Ref": "AWS::Partition",
                      },
                      ":iam::",
                      {
                        "Ref": "AWS::AccountId",
                      },
                      ":root",
                    ],
                  ],
                },
              },
              "Resource": "*",
            },
          ],
          "Version": "2012-10-17",
        },
      },
      "Type": "AWS::KMS::Key",
      "UpdateReplacePolicy": "Retain",
    },
    "RevertScpChangesModifyScpRule4ECCD6B5": {
      "Properties": {
        "Description": "Rule to notify when an LZA-managed SCP is modified or detatched.",
        "EventPattern": {
          "detail": {
            "eventName": [
              "AttachPolicy",
              "DetachPolicy",
              "UpdatePolicy",
            ],
            "eventSource": [
              "organizations.amazonaws.com",
            ],
          },
          "detail-type": [
            "AWS API Call via CloudTrail",
          ],
          "source": [
            "aws.organizations",
          ],
        },
        "State": "ENABLED",
        "Targets": [
          {
            "Arn": {
              "Fn::GetAtt": [
                "RevertScpChangesRevertScpChangesFunction5EF82185",
                "Arn",
              ],
            },
            "Id": "Target0",
            "RetryPolicy": {
              "MaximumEventAgeInSeconds": 14400,
              "MaximumRetryAttempts": 2,
            },
          },
        ],
      },
      "Type": "AWS::Events::Rule",
    },
    "RevertScpChangesModifyScpRuleAllowEventRuleRevertScpChangesRevertScpChangesFunction5DC45CB429E5A89B": {
      "Properties": {
        "Action": "lambda:InvokeFunction",
        "FunctionName": {
          "Fn::GetAtt": [
            "RevertScpChangesRevertScpChangesFunction5EF82185",
            "Arn",
          ],
        },
        "Principal": "events.amazonaws.com",
        "SourceArn": {
          "Fn::GetAtt": [
            "RevertScpChangesModifyScpRule4ECCD6B5",
            "Arn",
          ],
        },
      },
      "Type": "AWS::Lambda::Permission",
    },
    "RevertScpChangesRevertScpChangesFunction5EF82185": {
      "DependsOn": [
        "RevertScpChangesRevertScpChangesFunctionServiceRoleDefaultPolicyF3C3ECD9",
        "RevertScpChangesRevertScpChangesFunctionServiceRole4F571613",
      ],
      "Properties": {
        "Code": {
          "S3Bucket": {
            "Fn::Sub": "cdk-hnb659fds-assets-\${AWS::AccountId}-\${AWS::Region}",
          },
          "S3Key": "REPLACED-GENERATED-NAME.zip",
        },
        "Description": "Lambda function to revert changes made to LZA-controlled service control policies",
        "Environment": {
          "Variables": {
            "AUDIT_ACCOUNT_ID": "111111111111",
            "AWS_PARTITION": {
              "Ref": "AWS::Partition",
            },
            "HOME_REGION": "us-west-2",
            "LOG_ARCHIVE_ACCOUNT_ID": "222222222222",
            "MANAGEMENT_ACCOUNT_ACCESS_ROLE": "LZARole",
            "MANAGEMENT_ACCOUNT_ID": "333333333333",
            "SNS_TOPIC_ARN": {
              "Fn::Join": [
                "",
                [
                  "arn:",
                  {
                    "Ref": "AWS::Partition",
                  },
                  ":sns:us-west-2:",
                  {
                    "Ref": "AWS::AccountId",
                  },
                  ":aws-accelerator-Security",
                ],
              ],
            },
          },
        },
        "Handler": "index.handler",
        "KmsKeyArn": {
          "Fn::GetAtt": [
            "CustomLambdaKey2287F5A9",
            "Arn",
          ],
        },
        "Role": {
          "Fn::GetAtt": [
            "RevertScpChangesRevertScpChangesFunctionServiceRole4F571613",
            "Arn",
          ],
        },
        "Runtime": "nodejs16.x",
        "Timeout": 60,
      },
      "Type": "AWS::Lambda::Function",
    },
    "RevertScpChangesRevertScpChangesFunctionLogGroup92A9E8AA": {
      "DeletionPolicy": "Delete",
      "Properties": {
        "KmsKeyId": {
          "Fn::GetAtt": [
            "CustomCloudWatchKey720588E1",
            "Arn",
          ],
        },
        "LogGroupName": {
          "Fn::Join": [
            "",
            [
              "/aws/lambda/",
              {
                "Ref": "RevertScpChangesRevertScpChangesFunction5EF82185",
              },
            ],
          ],
        },
        "RetentionInDays": 365,
      },
      "Type": "AWS::Logs::LogGroup",
      "UpdateReplacePolicy": "Delete",
    },
    "RevertScpChangesRevertScpChangesFunctionServiceRole4F571613": {
      "Metadata": {
        "cdk_nag": {
          "rules_to_suppress": [
            {
              "id": "AwsSolutions-IAM4",
              "reason": "AWS Custom resource provider framework-role created by cdk.",
            },
            {
              "id": "AwsSolutions-IAM5",
              "reason": "Allows only specific policy.",
            },
          ],
        },
      },
      "Properties": {
        "AssumeRolePolicyDocument": {
          "Statement": [
            {
              "Action": "sts:AssumeRole",
              "Effect": "Allow",
              "Principal": {
                "Service": "lambda.amazonaws.com",
              },
            },
          ],
          "Version": "2012-10-17",
        },
        "ManagedPolicyArns": [
          {
            "Fn::Join": [
              "",
              [
                "arn:",
                {
                  "Ref": "AWS::Partition",
                },
                ":iam::aws:policy/service-role/AWSLambdaBasicExecutionRole",
              ],
            ],
          },
        ],
      },
      "Type": "AWS::IAM::Role",
    },
    "RevertScpChangesRevertScpChangesFunctionServiceRoleDefaultPolicyF3C3ECD9": {
      "Metadata": {
        "cdk_nag": {
          "rules_to_suppress": [
            {
              "id": "AwsSolutions-IAM5",
              "reason": "Allows only specific policy.",
            },
          ],
        },
      },
      "Properties": {
        "PolicyDocument": {
          "Statement": [
            {
              "Action": [
                "kms:Encrypt",
                "kms:GenerateDataKey",
              ],
              "Effect": "Allow",
              "Resource": "*",
              "Sid": "kmsEncryptMessage",
            },
            {
              "Action": [
                "organizations:AttachPolicy",
                "organizations:DetachPolicy",
                "organizations:DescribePolicy",
                "organizations:ListAccounts",
                "organizations:ListRoots",
                "organizations:ListOrganizationalUnitsForParent",
                "organizations:UpdatePolicy",
              ],
              "Effect": "Allow",
              "Resource": "*",
              "Sid": "OrgPolicyUpdate",
            },
            {
              "Action": "sns:Publish",
              "Effect": "Allow",
              "Resource": {
                "Fn::Join": [
                  "",
                  [
                    "arn:",
                    {
                      "Ref": "AWS::Partition",
                    },
                    ":sns:us-west-2:",
                    {
                      "Ref": "AWS::AccountId",
                    },
                    ":aws-accelerator-Security",
                  ],
                ],
              },
              "Sid": "snsPublishMessage",
            },
          ],
          "Version": "2012-10-17",
        },
        "PolicyName": "RevertScpChangesRevertScpChangesFunctionServiceRoleDefaultPolicyF3C3ECD9",
        "Roles": [
          {
            "Ref": "RevertScpChangesRevertScpChangesFunctionServiceRole4F571613",
          },
        ],
      },
      "Type": "AWS::IAM::Policy",
    },
  },
}
`;
