// Jest Snapshot v1, https://goo.gl/fbAQLP

exports[`SecurityHubEventsLog Construct(SecurityHubEventsLog):  Snapshot Test 1`] = `
{
  "Resources": {
    "CustomLambdaKey2287F5A9": {
      "DeletionPolicy": "Retain",
      "Properties": {
        "KeyPolicy": {
          "Statement": [
            {
              "Action": "kms:*",
              "Effect": "Allow",
              "Principal": {
                "AWS": {
                  "Fn::Join": [
                    "",
                    [
                      "arn:",
                      {
                        "Ref": "AWS::Partition",
                      },
                      ":iam::",
                      {
                        "Ref": "AWS::AccountId",
                      },
                      ":root",
                    ],
                  ],
                },
              },
              "Resource": "*",
            },
          ],
          "Version": "2012-10-17",
        },
      },
      "Type": "AWS::KMS::Key",
      "UpdateReplacePolicy": "Retain",
    },
    "CustomSnsKey2E607E8C": {
      "DeletionPolicy": "Retain",
      "Properties": {
        "KeyPolicy": {
          "Statement": [
            {
              "Action": "kms:*",
              "Effect": "Allow",
              "Principal": {
                "AWS": {
                  "Fn::Join": [
                    "",
                    [
                      "arn:",
                      {
                        "Ref": "AWS::Partition",
                      },
                      ":iam::",
                      {
                        "Ref": "AWS::AccountId",
                      },
                      ":root",
                    ],
                  ],
                },
              },
              "Resource": "*",
            },
          ],
          "Version": "2012-10-17",
        },
      },
      "Type": "AWS::KMS::Key",
      "UpdateReplacePolicy": "Retain",
    },
    "SecurityHubEventsLogSecurityHubEventsFunction9EF04515": {
      "DependsOn": [
        "SecurityHubEventsLogSecurityHubEventsFunctionServiceRoleDefaultPolicy519456B0",
        "SecurityHubEventsLogSecurityHubEventsFunctionServiceRole30E0096C",
      ],
      "Properties": {
        "Code": {
          "S3Bucket": {
            "Fn::Sub": "cdk-hnb659fds-assets-\${AWS::AccountId}-\${AWS::Region}",
          },
          "S3Key": "REPLACED-GENERATED-NAME.zip",
        },
        "Environment": {
          "Variables": {
            "ACCELERATOR_PREFIX": "AWSAccelerator",
            "NOTIFICATION_LEVEL": "INFORMATIONAL",
            "SNS_TOPIC_ARN": "arn:aws:us-east-1:999999999999:aws-accelerator-test",
          },
        },
        "Handler": "index.handler",
        "KmsKeyArn": {
          "Fn::GetAtt": [
            "CustomLambdaKey2287F5A9",
            "Arn",
          ],
        },
        "MemorySize": 256,
        "Role": {
          "Fn::GetAtt": [
            "SecurityHubEventsLogSecurityHubEventsFunctionServiceRole30E0096C",
            "Arn",
          ],
        },
        "Runtime": "nodejs16.x",
        "Timeout": 120,
      },
      "Type": "AWS::Lambda::Function",
    },
    "SecurityHubEventsLogSecurityHubEventsFunctionServiceRole30E0096C": {
      "Properties": {
        "AssumeRolePolicyDocument": {
          "Statement": [
            {
              "Action": "sts:AssumeRole",
              "Effect": "Allow",
              "Principal": {
                "Service": "lambda.amazonaws.com",
              },
            },
          ],
          "Version": "2012-10-17",
        },
        "ManagedPolicyArns": [
          {
            "Fn::Join": [
              "",
              [
                "arn:",
                {
                  "Ref": "AWS::Partition",
                },
                ":iam::aws:policy/service-role/AWSLambdaBasicExecutionRole",
              ],
            ],
          },
        ],
      },
      "Type": "AWS::IAM::Role",
    },
    "SecurityHubEventsLogSecurityHubEventsFunctionServiceRoleDefaultPolicy519456B0": {
      "Properties": {
        "PolicyDocument": {
          "Statement": [
            {
              "Action": [
                "logs:CreateLogGroup",
                "logs:CreateLogStream",
              ],
              "Effect": "Allow",
              "Resource": {
                "Fn::Join": [
                  "",
                  [
                    "arn:",
                    {
                      "Ref": "AWS::Partition",
                    },
                    ":logs:",
                    {
                      "Ref": "AWS::Region",
                    },
                    ":",
                    {
                      "Ref": "AWS::AccountId",
                    },
                    ":log-group:/AWSAccelerator*",
                  ],
                ],
              },
            },
            {
              "Action": "logs:DescribeLogGroups",
              "Effect": "Allow",
              "Resource": {
                "Fn::Join": [
                  "",
                  [
                    "arn:",
                    {
                      "Ref": "AWS::Partition",
                    },
                    ":logs:",
                    {
                      "Ref": "AWS::Region",
                    },
                    ":",
                    {
                      "Ref": "AWS::AccountId",
                    },
                    ":log-group:*",
                  ],
                ],
              },
            },
            {
              "Action": "logs:PutLogEvents",
              "Effect": "Allow",
              "Resource": {
                "Fn::Join": [
                  "",
                  [
                    "arn:",
                    {
                      "Ref": "AWS::Partition",
                    },
                    ":logs:",
                    {
                      "Ref": "AWS::Region",
                    },
                    ":",
                    {
                      "Ref": "AWS::AccountId",
                    },
                    ":log-group:/AWSAccelerator*:log-stream:*",
                  ],
                ],
              },
            },
            {
              "Action": "sns:Publish",
              "Effect": "Allow",
              "Resource": "arn:aws:us-east-1:999999999999:aws-accelerator-test",
              "Sid": "sns",
            },
            {
              "Action": [
                "kms:Decrypt",
                "kms:GenerateDataKey",
              ],
              "Effect": "Allow",
              "Resource": {
                "Fn::GetAtt": [
                  "CustomSnsKey2E607E8C",
                  "Arn",
                ],
              },
              "Sid": "kms",
            },
          ],
          "Version": "2012-10-17",
        },
        "PolicyName": "SecurityHubEventsLogSecurityHubEventsFunctionServiceRoleDefaultPolicy519456B0",
        "Roles": [
          {
            "Ref": "SecurityHubEventsLogSecurityHubEventsFunctionServiceRole30E0096C",
          },
        ],
      },
      "Type": "AWS::IAM::Policy",
    },
    "SecurityHubEventsLogSecurityHubEventsRule4AFFB1EB": {
      "Properties": {
        "Description": "Sends all Security Hub Findings to a Lambda that writes to CloudWatch Logs",
        "EventPattern": {
          "detail-type": [
            "Security Hub Findings - Imported",
          ],
          "source": [
            "aws.securityhub",
          ],
        },
        "State": "ENABLED",
        "Targets": [
          {
            "Arn": {
              "Fn::GetAtt": [
                "SecurityHubEventsLogSecurityHubEventsFunction9EF04515",
                "Arn",
              ],
            },
            "Id": "Target0",
            "RetryPolicy": {
              "MaximumRetryAttempts": 5,
            },
          },
        ],
      },
      "Type": "AWS::Events::Rule",
    },
    "SecurityHubEventsLogSecurityHubEventsRuleAllowEventRuleSecurityHubEventsLogSecurityHubEventsFunction356006B498169971": {
      "Properties": {
        "Action": "lambda:InvokeFunction",
        "FunctionName": {
          "Fn::GetAtt": [
            "SecurityHubEventsLogSecurityHubEventsFunction9EF04515",
            "Arn",
          ],
        },
        "Principal": "events.amazonaws.com",
        "SourceArn": {
          "Fn::GetAtt": [
            "SecurityHubEventsLogSecurityHubEventsRule4AFFB1EB",
            "Arn",
          ],
        },
      },
      "Type": "AWS::Lambda::Permission",
    },
  },
}
`;
